<html>
<body>
<pre>
<h1>礦ision Build Log</h1>
<h2>Tool Versions:</h2>
IDE-Version: μVision V5.20.0.0
Copyright (C) 2016 ARM Ltd and ARM Germany GmbH. All rights reserved.
License Information: GAO GAO, GAO, LIC=D0D7S-LSSH3-LQL0Q-N8D15-VKYD7-HRBRT
 
Tool Versions:
Toolchain:       MDK-ARM Plus  Version: 5.20
Toolchain Path:  D:\Soft\MDK\ARM\ARMCC\Bin
C Compiler:      Armcc.exe V5.06 update 2 (build 183)
Assembler:       Armasm.exe V5.06 update 2 (build 183)
Linker/Locator:  ArmLink.exe V5.06 update 2 (build 183)
Library Manager: ArmAr.exe V5.06 update 2 (build 183)
Hex Converter:   FromElf.exe V5.06 update 2 (build 183)
CPU DLL:         SARMCM3.DLL V5.20
Dialog DLL:      DCM.DLL V1.13.7.0
Target DLL:      CMSIS_AGDI.dll V1.25.20.0
Dialog DLL:      TCM.DLL V1.14.9.0
 
<h2>Project:</h2>
C:\Users\PC\Desktop\嵌入式传感器success\CAN1正常模式接收\APP\STM32F4UCOSII.uvproj
Project File Date:  11/19/2020

<h2>Output:</h2>
*** Using Compiler 'V5.06 update 2 (build 183)', folder: 'D:\Soft\MDK\ARM\ARMCC\Bin'
Rebuild target 'Target 1'
compiling arm_abs_f32.c...
compiling arm_add_f32.c...
compiling arm_offset_f32.c...
compiling arm_scale_f32.c...
compiling arm_mult_f32.c...
compiling arm_dot_prod_f32.c...
compiling arm_negate_f32.c...
compiling system_stm32f4xx.c...
compiling stm32f4xx_it.c...
compiling arm_sub_f32.c...
compiling bsp.c...
compiling arm_cmplx_conj_f32.c...
compiling arm_common_tables.c...
compiling arm_cmplx_mag_squared_f32.c...
compiling arm_cmplx_mult_cmplx_f32.c...
compiling arm_cmplx_dot_prod_f32.c...
compiling arm_cmplx_mag_f32.c...
compiling main.c...
compiling arm_cmplx_mult_real_f32.c...
compiling arm_pid_init_f32.c...
compiling arm_pid_reset_f32.c...
compiling arm_sin_cos_f32.c...
compiling arm_biquad_cascade_df1_f32.c...
compiling arm_cos_f32.c...
compiling arm_sin_f32.c...
compiling arm_biquad_cascade_df2T_init_f32.c...
compiling arm_biquad_cascade_df1_init_f32.c...
compiling arm_biquad_cascade_df2T_f32.c...
compiling arm_conv_f32.c...
compiling arm_conv_partial_f32.c...
compiling arm_correlate_f32.c...
compiling arm_fir_decimate_f32.c...
compiling arm_fir_init_f32.c...
compiling arm_fir_decimate_init_f32.c...
compiling arm_fir_f32.c...
compiling arm_fir_interpolate_init_f32.c...
compiling arm_fir_lattice_init_f32.c...
compiling arm_fir_interpolate_f32.c...
compiling arm_fir_lattice_f32.c...
compiling arm_fir_sparse_f32.c...
compiling arm_iir_lattice_init_f32.c...
compiling arm_lms_init_f32.c...
compiling arm_iir_lattice_f32.c...
compiling arm_fir_sparse_init_f32.c...
compiling arm_lms_norm_f32.c...
compiling arm_mat_init_f32.c...
compiling arm_mat_add_f32.c...
compiling arm_lms_norm_init_f32.c...
compiling arm_lms_f32.c...
compiling arm_mat_inverse_f32.c...
compiling arm_mat_mult_f32.c...
compiling arm_mat_scale_f32.c...
compiling arm_max_f32.c...
compiling arm_mat_sub_f32.c...
compiling arm_mat_trans_f32.c...
compiling arm_var_f32.c...
compiling arm_min_f32.c...
compiling arm_power_f32.c...
compiling arm_rms_f32.c...
compiling arm_copy_f32.c...
compiling arm_std_f32.c...
compiling arm_mean_f32.c...
compiling arm_fill_f32.c...
compiling arm_q7_to_float.c...
compiling arm_q15_to_float.c...
compiling arm_q31_to_float.c...
compiling arm_rfft_f32.c...
compiling arm_cfft_radix4_init_f32.c...
compiling arm_rfft_init_f32.c...
compiling arm_dct4_init_f32.c...
compiling arm_dct4_f32.c...
compiling arm_cfft_radix4_f32.c...
compiling misc.c...
compiling stm32f4xx_dbgmcu.c...
compiling stm32f4xx_crc.c...
compiling stm32f4xx_cryp_des.c...
compiling stm32f4xx_cryp_tdes.c...
compiling stm32f4xx_dac.c...
compiling stm32f4xx_dcmi.c...
compiling stm32f4xx_cryp.c...
compiling stm32f4xx_can.c...
compiling stm32f4xx_adc.c...
compiling stm32f4xx_cryp_aes.c...
compiling stm32f4xx_dma.c...
compiling stm32f4xx_iwdg.c...
compiling stm32f4xx_i2c.c...
compiling stm32f4xx_gpio.c...
compiling stm32f4xx_exti.c...
compiling stm32f4xx_pwr.c...
compiling stm32f4xx_hash.c...
compiling stm32f4xx_flash.c...
compiling stm32f4xx_hash_sha1.c...
compiling stm32f4xx_hash_md5.c...
compiling stm32f4xx_fsmc.c...
compiling stm32f4xx_rcc.c...
assembling startup_stm32f4xx.s...
compiling stm32f4xx_sdio.c...
compiling stm32f4xx_rng.c...
compiling delay.c...
compiling stm32f4xx_wwdg.c...
compiling stm32f4xx_syscfg.c...
compiling stm32f4xx_usart.c...
compiling stm32f4xx_spi.c...
compiling device.c...
compiling stm32f4xx_rtc.c...
compiling stm32f4xx_tim.c...
compiling CAN.c...
linking...
Program Size: Code=5964 RO-data=424 RW-data=48 ZI-data=1064  
FromELF: creating hex file...
".\OBJ\STM32F4UCOSII.axf" - 0 Error(s), 0 Warning(s).
Build Time Elapsed:  00:00:11
</pre>
</body>
</html>
