Component: ARM Compiler 5.06 update 2 (build 183) Tool: armlink [4d35b7]

==============================================================================

Section Cross References

    main.o(i.USART_OUT) refers to stm32f4xx_usart.o(i.USART_SendData) for USART_SendData
    main.o(i.USART_OUT) refers to stm32f4xx_usart.o(i.USART_GetFlagStatus) for USART_GetFlagStatus
    main.o(i.USART_OUT) refers to main.o(i.itoa) for itoa
    main.o(i.fputc) refers to stm32f4xx_usart.o(i.USART_SendData) for USART_SendData
    main.o(i.main) refers to bsp.o(i.BSP_Init) for BSP_Init
    main.o(i.main) refers to myiic.o(i.IIC_Init) for IIC_Init
    main.o(i.main) refers to delay.o(i.delay_init) for delay_init
    main.o(i.main) refers to main.o(i.USART_OUT) for USART_OUT
    main.o(i.main) refers to myiic.o(i.IIC_Write_One_Byte) for IIC_Write_One_Byte
    main.o(i.main) refers to delay.o(i.delay_ms) for delay_ms
    main.o(i.main) refers to myiic.o(i.IIC_Read_One_Byte) for IIC_Read_One_Byte
    main.o(i.main) refers to printf1.o(i.__0printf$1) for __2printf
    stm32f4xx_it.o(i.EXTI15_10_IRQHandler) refers to stm32f4xx_exti.o(i.EXTI_GetITStatus) for EXTI_GetITStatus
    stm32f4xx_it.o(i.EXTI15_10_IRQHandler) refers to stm32f4xx_exti.o(i.EXTI_ClearITPendingBit) for EXTI_ClearITPendingBit
    stm32f4xx_it.o(i.HardFault_Handler) refers to main.o(i.USART_OUT) for USART_OUT
    stm32f4xx_it.o(i.NMI_Handler) refers to stm32f4xx_rcc.o(i.RCC_GetITStatus) for RCC_GetITStatus
    stm32f4xx_it.o(i.NMI_Handler) refers to stm32f4xx_rcc.o(i.RCC_HSEConfig) for RCC_HSEConfig
    stm32f4xx_it.o(i.NMI_Handler) refers to stm32f4xx_rcc.o(i.RCC_ITConfig) for RCC_ITConfig
    stm32f4xx_it.o(i.NMI_Handler) refers to stm32f4xx_rcc.o(i.RCC_ClearITPendingBit) for RCC_ClearITPendingBit
    stm32f4xx_it.o(i.TIM4_IRQHandler) refers to stm32f4xx_tim.o(i.TIM_GetITStatus) for TIM_GetITStatus
    stm32f4xx_it.o(i.TIM4_IRQHandler) refers to stm32f4xx_gpio.o(i.GPIO_ToggleBits) for GPIO_ToggleBits
    stm32f4xx_it.o(i.TIM4_IRQHandler) refers to stm32f4xx_tim.o(i.TIM_ClearITPendingBit) for TIM_ClearITPendingBit
    bsp.o(i.BSP_Init) refers to bsp.o(i.RCC_Configuration) for RCC_Configuration
    bsp.o(i.BSP_Init) refers to bsp.o(i.GPIO_Configuration) for GPIO_Configuration
    bsp.o(i.BSP_Init) refers to bsp.o(i.EXTI_Configuration) for EXTI_Configuration
    bsp.o(i.BSP_Init) refers to bsp.o(i.NVIC_Configuration) for NVIC_Configuration
    bsp.o(i.BSP_Init) refers to bsp.o(i.USART1_Configuration) for USART1_Configuration
    bsp.o(i.BSP_Init) refers to bsp.o(i.USART3_Configuration) for USART3_Configuration
    bsp.o(i.BSP_Init) refers to bsp.o(i.TIM3_Configuration) for TIM3_Configuration
    bsp.o(i.GPIO_Configuration) refers to stm32f4xx_gpio.o(i.GPIO_Init) for GPIO_Init
    bsp.o(i.NVIC_Configuration) refers to misc.o(i.NVIC_PriorityGroupConfig) for NVIC_PriorityGroupConfig
    bsp.o(i.NVIC_Configuration) refers to misc.o(i.NVIC_Init) for NVIC_Init
    bsp.o(i.RCC_Configuration) refers to system_stm32f4xx.o(i.SystemInit) for SystemInit
    bsp.o(i.RCC_Configuration) refers to stm32f4xx_rcc.o(i.RCC_AHB1PeriphClockCmd) for RCC_AHB1PeriphClockCmd
    bsp.o(i.RCC_Configuration) refers to stm32f4xx_rcc.o(i.RCC_APB2PeriphClockCmd) for RCC_APB2PeriphClockCmd
    bsp.o(i.RCC_Configuration) refers to stm32f4xx_rcc.o(i.RCC_APB1PeriphClockCmd) for RCC_APB1PeriphClockCmd
    bsp.o(i.TIM12_Configuration) refers to stm32f4xx_gpio.o(i.GPIO_PinAFConfig) for GPIO_PinAFConfig
    bsp.o(i.TIM12_Configuration) refers to stm32f4xx_gpio.o(i.GPIO_Init) for GPIO_Init
    bsp.o(i.TIM12_Configuration) refers to stm32f4xx_tim.o(i.TIM_TimeBaseInit) for TIM_TimeBaseInit
    bsp.o(i.TIM12_Configuration) refers to stm32f4xx_tim.o(i.TIM_OC1Init) for TIM_OC1Init
    bsp.o(i.TIM12_Configuration) refers to stm32f4xx_tim.o(i.TIM_OC1PreloadConfig) for TIM_OC1PreloadConfig
    bsp.o(i.TIM12_Configuration) refers to stm32f4xx_tim.o(i.TIM_ARRPreloadConfig) for TIM_ARRPreloadConfig
    bsp.o(i.TIM12_Configuration) refers to stm32f4xx_tim.o(i.TIM_Cmd) for TIM_Cmd
    bsp.o(i.USART1_Configuration) refers to stm32f4xx_gpio.o(i.GPIO_PinAFConfig) for GPIO_PinAFConfig
    bsp.o(i.USART1_Configuration) refers to stm32f4xx_gpio.o(i.GPIO_Init) for GPIO_Init
    bsp.o(i.USART1_Configuration) refers to stm32f4xx_usart.o(i.USART_Init) for USART_Init
    bsp.o(i.USART1_Configuration) refers to stm32f4xx_usart.o(i.USART_ITConfig) for USART_ITConfig
    bsp.o(i.USART1_Configuration) refers to stm32f4xx_usart.o(i.USART_Cmd) for USART_Cmd
    system_stm32f4xx.o(i.SystemCoreClockUpdate) refers to system_stm32f4xx.o(.data) for SystemCoreClock
    system_stm32f4xx.o(i.SystemInit) refers to system_stm32f4xx.o(i.SetSysClock) for SetSysClock
    arm_cmplx_mag_f32.o(i.arm_cmplx_mag_f32) refers to arm_cmplx_mag_f32.o(i.arm_sqrt_f32) for arm_sqrt_f32
    arm_sin_cos_f32.o(i.arm_sin_cos_f32) refers to arm_sin_cos_f32.o(.constdata) for sinTable
    arm_cos_f32.o(i.arm_cos_f32) refers to arm_cos_f32.o(.constdata) for cosTable
[...]
    Removing stm32f4xx_rcc.o(i.RCC_GetSYSCLKSource), (16 bytes).
    Removing stm32f4xx_rcc.o(i.RCC_HCLKConfig), (24 bytes).
    Removing stm32f4xx_rcc.o(i.RCC_HSICmd), (12 bytes).
    Removing stm32f4xx_rcc.o(i.RCC_I2SCLKConfig), (12 bytes).
    Removing stm32f4xx_rcc.o(i.RCC_LSEConfig), (44 bytes).
    Removing stm32f4xx_rcc.o(i.RCC_LSICmd), (12 bytes).
    Removing stm32f4xx_rcc.o(i.RCC_MCO1Config), (28 bytes).
    Removing stm32f4xx_rcc.o(i.RCC_MCO2Config), (28 bytes).
    Removing stm32f4xx_rcc.o(i.RCC_PCLK1Config), (24 bytes).
    Removing stm32f4xx_rcc.o(i.RCC_PCLK2Config), (24 bytes).
    Removing stm32f4xx_rcc.o(i.RCC_PLLCmd), (12 bytes).
    Removing stm32f4xx_rcc.o(i.RCC_PLLConfig), (36 bytes).
    Removing stm32f4xx_rcc.o(i.RCC_PLLI2SCmd), (12 bytes).
    Removing stm32f4xx_rcc.o(i.RCC_PLLI2SConfig), (16 bytes).
    Removing stm32f4xx_rcc.o(i.RCC_RTCCLKCmd), (12 bytes).
    Removing stm32f4xx_rcc.o(i.RCC_RTCCLKConfig), (60 bytes).
    Removing stm32f4xx_rcc.o(i.RCC_SYSCLKConfig), (24 bytes).
    Removing stm32f4xx_rcc.o(i.RCC_WaitForHSEStartUp), (56 bytes).
    Removing stm32f4xx_rng.o(.emb_text), (8 bytes).
    Removing stm32f4xx_rng.o(i.RNG_ClearFlag), (16 bytes).
    Removing stm32f4xx_rng.o(i.RNG_ClearITPendingBit), (16 bytes).
    Removing stm32f4xx_rng.o(i.RNG_Cmd), (36 bytes).
    Removing stm32f4xx_rng.o(i.RNG_DeInit), (20 bytes).
    Removing stm32f4xx_rng.o(i.RNG_GetFlagStatus), (24 bytes).
    Removing stm32f4xx_rng.o(i.RNG_GetITStatus), (24 bytes).
    Removing stm32f4xx_rng.o(i.RNG_GetRandomNumber), (12 bytes).
    Removing stm32f4xx_rng.o(i.RNG_ITConfig), (36 bytes).
    Removing stm32f4xx_rtc.o(.emb_text), (8 bytes).
    Removing stm32f4xx_rtc.o(i.RTC_AlarmCmd), (116 bytes).
    Removing stm32f4xx_rtc.o(i.RTC_AlarmStructInit), (22 bytes).
    Removing stm32f4xx_rtc.o(i.RTC_AlarmSubSecondConfig), (52 bytes).
    Removing stm32f4xx_rtc.o(i.RTC_Bcd2ToByte), (22 bytes).
    Removing stm32f4xx_rtc.o(i.RTC_BypassShadowCmd), (60 bytes).
    Removing stm32f4xx_rtc.o(i.RTC_ByteToBcd2), (28 bytes).
    Removing stm32f4xx_rtc.o(i.RTC_CalibOutputCmd), (60 bytes).
    Removing stm32f4xx_rtc.o(i.RTC_CalibOutputConfig), (48 bytes).
    Removing stm32f4xx_rtc.o(i.RTC_ClearFlag), (28 bytes).
    Removing stm32f4xx_rtc.o(i.RTC_ClearITPendingBit), (32 bytes).
    Removing stm32f4xx_rtc.o(i.RTC_CoarseCalibCmd), (80 bytes).
    Removing stm32f4xx_rtc.o(i.RTC_CoarseCalibConfig), (56 bytes).
    Removing stm32f4xx_rtc.o(i.RTC_DateStructInit), (14 bytes).
    Removing stm32f4xx_rtc.o(i.RTC_DayLightSavingConfig), (56 bytes).
    Removing stm32f4xx_rtc.o(i.RTC_DeInit), (192 bytes).
    Removing stm32f4xx_rtc.o(i.RTC_EnterInitMode), (80 bytes).
    Removing stm32f4xx_rtc.o(i.RTC_ExitInitMode), (20 bytes).
    Removing stm32f4xx_rtc.o(i.RTC_GetAlarm), (116 bytes).
    Removing stm32f4xx_rtc.o(i.RTC_GetAlarmSubSecond), (36 bytes).
    Removing stm32f4xx_rtc.o(i.RTC_GetDate), (80 bytes).
    Removing stm32f4xx_rtc.o(i.RTC_GetFlagStatus), (40 bytes).
    Removing stm32f4xx_rtc.o(i.RTC_GetITStatus), (64 bytes).
    Removing stm32f4xx_rtc.o(i.RTC_GetStoreOperation), (16 bytes).
    Removing stm32f4xx_rtc.o(i.RTC_GetSubSecond), (20 bytes).
    Removing stm32f4xx_rtc.o(i.RTC_GetTime), (80 bytes).
    Removing stm32f4xx_rtc.o(i.RTC_GetTimeStamp), (156 bytes).
    Removing stm32f4xx_rtc.o(i.RTC_GetTimeStampSubSecond), (12 bytes).
    Removing stm32f4xx_rtc.o(i.RTC_GetWakeUpCounter), (12 bytes).
    Removing stm32f4xx_rtc.o(i.RTC_ITConfig), (100 bytes).
    Removing stm32f4xx_rtc.o(i.RTC_Init), (100 bytes).
    Removing stm32f4xx_rtc.o(i.RTC_OutputConfig), (56 bytes).
    Removing stm32f4xx_rtc.o(i.RTC_OutputTypeConfig), (28 bytes).
    Removing stm32f4xx_rtc.o(i.RTC_ReadBackupRegister), (32 bytes).
    Removing stm32f4xx_rtc.o(i.RTC_RefClockCmd), (80 bytes).
    Removing stm32f4xx_rtc.o(i.RTC_SetAlarm), (236 bytes).
    Removing stm32f4xx_rtc.o(i.RTC_SetDate), (184 bytes).
    Removing stm32f4xx_rtc.o(i.RTC_SetTime), (192 bytes).
    Removing stm32f4xx_rtc.o(i.RTC_SetWakeUpCounter), (28 bytes).
    Removing stm32f4xx_rtc.o(i.RTC_SmoothCalibConfig), (96 bytes).
    Removing stm32f4xx_rtc.o(i.RTC_StructInit), (14 bytes).
    Removing stm32f4xx_rtc.o(i.RTC_SynchroShiftConfig), (124 bytes).
    Removing stm32f4xx_rtc.o(i.RTC_TamperCmd), (32 bytes).
    Removing stm32f4xx_rtc.o(i.RTC_TamperFilterConfig), (28 bytes).
    Removing stm32f4xx_rtc.o(i.RTC_TamperPinSelection), (28 bytes).
    Removing stm32f4xx_rtc.o(i.RTC_TamperPinsPrechargeDuration), (28 bytes).
    Removing stm32f4xx_rtc.o(i.RTC_TamperPullUpCmd), (36 bytes).
    Removing stm32f4xx_rtc.o(i.RTC_TamperSamplingFreqConfig), (28 bytes).
    Removing stm32f4xx_rtc.o(i.RTC_TamperTriggerConfig), (36 bytes).
    Removing stm32f4xx_rtc.o(i.RTC_TimeStampCmd), (56 bytes).
    Removing stm32f4xx_rtc.o(i.RTC_TimeStampOnTamperDetectionCmd), (36 bytes).
    Removing stm32f4xx_rtc.o(i.RTC_TimeStampPinSelection), (28 bytes).
    Removing stm32f4xx_rtc.o(i.RTC_TimeStructInit), (12 bytes).
    Removing stm32f4xx_rtc.o(i.RTC_WaitForSynchro), (96 bytes).
    Removing stm32f4xx_rtc.o(i.RTC_WakeUpClockConfig), (48 bytes).
    Removing stm32f4xx_rtc.o(i.RTC_WakeUpCmd), (120 bytes).
    Removing stm32f4xx_rtc.o(i.RTC_WriteBackupRegister), (28 bytes).
    Removing stm32f4xx_rtc.o(i.RTC_WriteProtectionCmd), (28 bytes).
    Removing stm32f4xx_sdio.o(.emb_text), (8 bytes).
    Removing stm32f4xx_sdio.o(i.SDIO_CEATAITCmd), (16 bytes).
    Removing stm32f4xx_sdio.o(i.SDIO_ClearFlag), (12 bytes).
    Removing stm32f4xx_sdio.o(i.SDIO_ClearITPendingBit), (12 bytes).
    Removing stm32f4xx_sdio.o(i.SDIO_ClockCmd), (12 bytes).
    Removing stm32f4xx_sdio.o(i.SDIO_CmdStructInit), (14 bytes).
    Removing stm32f4xx_sdio.o(i.SDIO_CommandCompletionCmd), (12 bytes).
    Removing stm32f4xx_sdio.o(i.SDIO_DMACmd), (12 bytes).
    Removing stm32f4xx_sdio.o(i.SDIO_DataConfig), (52 bytes).
    Removing stm32f4xx_sdio.o(i.SDIO_DataStructInit), (20 bytes).
    Removing stm32f4xx_sdio.o(i.SDIO_DeInit), (22 bytes).
    Removing stm32f4xx_sdio.o(i.SDIO_GetCommandResponse), (12 bytes).
    Removing stm32f4xx_sdio.o(i.SDIO_GetDataCounter), (12 bytes).
    Removing stm32f4xx_sdio.o(i.SDIO_GetFIFOCount), (12 bytes).
    Removing stm32f4xx_sdio.o(i.SDIO_GetFlagStatus), (24 bytes).
    Removing stm32f4xx_sdio.o(i.SDIO_GetITStatus), (24 bytes).
    Removing stm32f4xx_sdio.o(i.SDIO_GetPowerState), (16 bytes).
    Removing stm32f4xx_sdio.o(i.SDIO_GetResponse), (24 bytes).
    Removing stm32f4xx_sdio.o(i.SDIO_ITConfig), (32 bytes).
    Removing stm32f4xx_sdio.o(i.SDIO_Init), (48 bytes).
    Removing stm32f4xx_sdio.o(i.SDIO_ReadData), (12 bytes).
    Removing stm32f4xx_sdio.o(i.SDIO_SendCEATACmd), (12 bytes).
    Removing stm32f4xx_sdio.o(i.SDIO_SendCommand), (44 bytes).
    Removing stm32f4xx_sdio.o(i.SDIO_SendSDIOSuspendCmd), (12 bytes).
    Removing stm32f4xx_sdio.o(i.SDIO_SetPowerState), (12 bytes).
    Removing stm32f4xx_sdio.o(i.SDIO_SetSDIOOperation), (12 bytes).
    Removing stm32f4xx_sdio.o(i.SDIO_SetSDIOReadWaitMode), (12 bytes).
    Removing stm32f4xx_sdio.o(i.SDIO_StartSDIOReadWait), (12 bytes).
    Removing stm32f4xx_sdio.o(i.SDIO_StopSDIOReadWait), (12 bytes).
    Removing stm32f4xx_sdio.o(i.SDIO_StructInit), (16 bytes).
    Removing stm32f4xx_sdio.o(i.SDIO_WriteData), (12 bytes).
    Removing stm32f4xx_spi.o(.emb_text), (8 bytes).
    Removing stm32f4xx_spi.o(i.I2S_Cmd), (24 bytes).
    Removing stm32f4xx_spi.o(i.I2S_FullDuplexConfig), (80 bytes).
    Removing stm32f4xx_spi.o(i.I2S_Init), (360 bytes).
    Removing stm32f4xx_spi.o(i.I2S_StructInit), (20 bytes).
    Removing stm32f4xx_spi.o(i.SPI_BiDirectionalLineConfig), (28 bytes).
    Removing stm32f4xx_spi.o(i.SPI_CalculateCRC), (24 bytes).
    Removing stm32f4xx_spi.o(i.SPI_Cmd), (24 bytes).
    Removing stm32f4xx_spi.o(i.SPI_DataSizeConfig), (18 bytes).
    Removing stm32f4xx_spi.o(i.SPI_GetCRC), (16 bytes).
    Removing stm32f4xx_spi.o(i.SPI_GetCRCPolynomial), (6 bytes).
    Removing stm32f4xx_spi.o(i.SPI_I2S_ClearFlag), (6 bytes).
    Removing stm32f4xx_spi.o(i.SPI_I2S_ClearITPendingBit), (20 bytes).
    Removing stm32f4xx_spi.o(i.SPI_I2S_DMACmd), (18 bytes).
    Removing stm32f4xx_spi.o(i.SPI_I2S_DeInit), (88 bytes).
    Removing stm32f4xx_spi.o(i.SPI_I2S_GetFlagStatus), (18 bytes).
    Removing stm32f4xx_spi.o(i.SPI_I2S_GetITStatus), (52 bytes).
    Removing stm32f4xx_spi.o(i.SPI_I2S_ITConfig), (32 bytes).
    Removing stm32f4xx_spi.o(i.SPI_I2S_ReceiveData), (6 bytes).
    Removing stm32f4xx_spi.o(i.SPI_I2S_SendData), (4 bytes).
    Removing stm32f4xx_spi.o(i.SPI_Init), (60 bytes).
    Removing stm32f4xx_spi.o(i.SPI_NSSInternalSoftwareConfig), (30 bytes).
    Removing stm32f4xx_spi.o(i.SPI_SSOutputCmd), (24 bytes).
    Removing stm32f4xx_spi.o(i.SPI_StructInit), (24 bytes).
    Removing stm32f4xx_spi.o(i.SPI_TIModeCmd), (24 bytes).
    Removing stm32f4xx_spi.o(i.SPI_TransmitCRC), (10 bytes).
    Removing stm32f4xx_syscfg.o(.emb_text), (8 bytes).
    Removing stm32f4xx_syscfg.o(i.SYSCFG_CompensationCellCmd), (12 bytes).
    Removing stm32f4xx_syscfg.o(i.SYSCFG_DeInit), (22 bytes).
    Removing stm32f4xx_syscfg.o(i.SYSCFG_ETH_MediaInterfaceConfig), (12 bytes).
    Removing stm32f4xx_syscfg.o(i.SYSCFG_EXTILineConfig), (64 bytes).
    Removing stm32f4xx_syscfg.o(i.SYSCFG_GetCompensationCellStatus), (24 bytes).
    Removing stm32f4xx_syscfg.o(i.SYSCFG_MemoryRemapConfig), (12 bytes).
    Removing stm32f4xx_tim.o(.emb_text), (8 bytes).
    Removing stm32f4xx_tim.o(i.TI1_Config), (58 bytes).
    Removing stm32f4xx_tim.o(i.TI2_Config), (80 bytes).
    Removing stm32f4xx_tim.o(i.TI3_Config), (72 bytes).
    Removing stm32f4xx_tim.o(i.TI4_Config), (80 bytes).
    Removing stm32f4xx_tim.o(i.TIM_ARRPreloadConfig), (24 bytes).
    Removing stm32f4xx_tim.o(i.TIM_BDTRConfig), (32 bytes).
    Removing stm32f4xx_tim.o(i.TIM_BDTRStructInit), (18 bytes).
    Removing stm32f4xx_tim.o(i.TIM_CCPreloadControl), (24 bytes).
    Removing stm32f4xx_tim.o(i.TIM_CCxCmd), (30 bytes).
    Removing stm32f4xx_tim.o(i.TIM_CCxNCmd), (30 bytes).
    Removing stm32f4xx_tim.o(i.TIM_ClearFlag), (6 bytes).
    Removing stm32f4xx_tim.o(i.TIM_ClearOC1Ref), (18 bytes).
    Removing stm32f4xx_tim.o(i.TIM_ClearOC2Ref), (24 bytes).
    Removing stm32f4xx_tim.o(i.TIM_ClearOC3Ref), (18 bytes).
    Removing stm32f4xx_tim.o(i.TIM_ClearOC4Ref), (24 bytes).
    Removing stm32f4xx_tim.o(i.TIM_Cmd), (24 bytes).
    Removing stm32f4xx_tim.o(i.TIM_CounterModeConfig), (18 bytes).
    Removing stm32f4xx_tim.o(i.TIM_CtrlPWMOutputs), (30 bytes).
    Removing stm32f4xx_tim.o(i.TIM_DMACmd), (18 bytes).
    Removing stm32f4xx_tim.o(i.TIM_DMAConfig), (10 bytes).
    Removing stm32f4xx_tim.o(i.TIM_DeInit), (400 bytes).
    Removing stm32f4xx_tim.o(i.TIM_ETRClockMode1Config), (54 bytes).
    Removing stm32f4xx_tim.o(i.TIM_ETRClockMode2Config), (32 bytes).
    Removing stm32f4xx_tim.o(i.TIM_ETRConfig), (28 bytes).
    Removing stm32f4xx_tim.o(i.TIM_EncoderInterfaceConfig), (66 bytes).
    Removing stm32f4xx_tim.o(i.TIM_ForcedOC1Config), (18 bytes).
    Removing stm32f4xx_tim.o(i.TIM_ForcedOC2Config), (26 bytes).
    Removing stm32f4xx_tim.o(i.TIM_ForcedOC3Config), (18 bytes).
    Removing stm32f4xx_tim.o(i.TIM_ForcedOC4Config), (26 bytes).
    Removing stm32f4xx_tim.o(i.TIM_GenerateEvent), (4 bytes).
    Removing stm32f4xx_tim.o(i.TIM_GetCapture1), (6 bytes).
    Removing stm32f4xx_tim.o(i.TIM_GetCapture2), (6 bytes).
    Removing stm32f4xx_tim.o(i.TIM_GetCapture3), (6 bytes).
    Removing stm32f4xx_tim.o(i.TIM_GetCapture4), (6 bytes).
    Removing stm32f4xx_tim.o(i.TIM_GetCounter), (6 bytes).
    Removing stm32f4xx_tim.o(i.TIM_GetFlagStatus), (18 bytes).
    Removing stm32f4xx_tim.o(i.TIM_GetPrescaler), (6 bytes).
    Removing stm32f4xx_tim.o(i.TIM_ICInit), (110 bytes).
    Removing stm32f4xx_tim.o(i.TIM_ICStructInit), (18 bytes).
    Removing stm32f4xx_tim.o(i.TIM_ITConfig), (18 bytes).
    Removing stm32f4xx_tim.o(i.TIM_ITRxExternalClockConfig), (24 bytes).
    Removing stm32f4xx_tim.o(i.TIM_InternalClockConfig), (12 bytes).
    Removing stm32f4xx_tim.o(i.TIM_OC1FastConfig), (18 bytes).
    Removing stm32f4xx_tim.o(i.TIM_OC1Init), (124 bytes).
    Removing stm32f4xx_tim.o(i.TIM_OC1NPolarityConfig), (18 bytes).
    Removing stm32f4xx_tim.o(i.TIM_OC1PolarityConfig), (18 bytes).
    Removing stm32f4xx_tim.o(i.TIM_OC1PreloadConfig), (18 bytes).
    Removing stm32f4xx_tim.o(i.TIM_OC2FastConfig), (26 bytes).
    Removing stm32f4xx_tim.o(i.TIM_OC2Init), (164 bytes).
    Removing stm32f4xx_tim.o(i.TIM_OC2NPolarityConfig), (26 bytes).
    Removing stm32f4xx_tim.o(i.TIM_OC2PolarityConfig), (26 bytes).
    Removing stm32f4xx_tim.o(i.TIM_OC2PreloadConfig), (26 bytes).
    Removing stm32f4xx_tim.o(i.TIM_OC3FastConfig), (18 bytes).
    Removing stm32f4xx_tim.o(i.TIM_OC3Init), (160 bytes).
    Removing stm32f4xx_tim.o(i.TIM_OC3NPolarityConfig), (26 bytes).
    Removing stm32f4xx_tim.o(i.TIM_OC3PolarityConfig), (26 bytes).
    Removing stm32f4xx_tim.o(i.TIM_OC3PreloadConfig), (18 bytes).
    Removing stm32f4xx_tim.o(i.TIM_OC4FastConfig), (26 bytes).
    Removing stm32f4xx_tim.o(i.TIM_OC4Init), (120 bytes).
    Removing stm32f4xx_tim.o(i.TIM_OC4PolarityConfig), (26 bytes).
    Removing stm32f4xx_tim.o(i.TIM_OC4PreloadConfig), (26 bytes).
    Removing stm32f4xx_tim.o(i.TIM_OCStructInit), (20 bytes).
    Removing stm32f4xx_tim.o(i.TIM_PWMIConfig), (124 bytes).
    Removing stm32f4xx_tim.o(i.TIM_PrescalerConfig), (6 bytes).
    Removing stm32f4xx_tim.o(i.TIM_RemapConfig), (6 bytes).
    Removing stm32f4xx_tim.o(i.TIM_SelectCCDMA), (24 bytes).
    Removing stm32f4xx_tim.o(i.TIM_SelectCOM), (24 bytes).
    Removing stm32f4xx_tim.o(i.TIM_SelectHallSensor), (24 bytes).
    Removing stm32f4xx_tim.o(i.TIM_SelectInputTrigger), (18 bytes).
    Removing stm32f4xx_tim.o(i.TIM_SelectMasterSlaveMode), (18 bytes).
    Removing stm32f4xx_tim.o(i.TIM_SelectOCxM), (86 bytes).
    Removing stm32f4xx_tim.o(i.TIM_SelectOnePulseMode), (18 bytes).
    Removing stm32f4xx_tim.o(i.TIM_SelectOutputTrigger), (18 bytes).
    Removing stm32f4xx_tim.o(i.TIM_SelectSlaveMode), (18 bytes).
    Removing stm32f4xx_tim.o(i.TIM_SetAutoreload), (4 bytes).
    Removing stm32f4xx_tim.o(i.TIM_SetClockDivision), (18 bytes).
    Removing stm32f4xx_tim.o(i.TIM_SetCompare1), (4 bytes).
    Removing stm32f4xx_tim.o(i.TIM_SetCompare2), (4 bytes).
    Removing stm32f4xx_tim.o(i.TIM_SetCompare3), (4 bytes).
    Removing stm32f4xx_tim.o(i.TIM_SetCompare4), (4 bytes).
    Removing stm32f4xx_tim.o(i.TIM_SetCounter), (4 bytes).
    Removing stm32f4xx_tim.o(i.TIM_SetIC1Prescaler), (18 bytes).
    Removing stm32f4xx_tim.o(i.TIM_SetIC2Prescaler), (26 bytes).
    Removing stm32f4xx_tim.o(i.TIM_SetIC3Prescaler), (18 bytes).
    Removing stm32f4xx_tim.o(i.TIM_SetIC4Prescaler), (26 bytes).
    Removing stm32f4xx_tim.o(i.TIM_TIxExternalClockConfig), (62 bytes).
    Removing stm32f4xx_tim.o(i.TIM_TimeBaseInit), (132 bytes).
    Removing stm32f4xx_tim.o(i.TIM_TimeBaseStructInit), (18 bytes).
    Removing stm32f4xx_tim.o(i.TIM_UpdateDisableConfig), (24 bytes).
    Removing stm32f4xx_tim.o(i.TIM_UpdateRequestConfig), (24 bytes).
    Removing stm32f4xx_usart.o(.emb_text), (8 bytes).
    Removing stm32f4xx_usart.o(i.USART_ClearFlag), (18 bytes).
    Removing stm32f4xx_usart.o(i.USART_ClearITPendingBit), (30 bytes).
    Removing stm32f4xx_usart.o(i.USART_ClockInit), (32 bytes).
    Removing stm32f4xx_usart.o(i.USART_ClockStructInit), (12 bytes).
    Removing stm32f4xx_usart.o(i.USART_DMACmd), (18 bytes).
    Removing stm32f4xx_usart.o(i.USART_DeInit), (180 bytes).
    Removing stm32f4xx_usart.o(i.USART_GetITStatus), (84 bytes).
    Removing stm32f4xx_usart.o(i.USART_HalfDuplexCmd), (24 bytes).
    Removing stm32f4xx_usart.o(i.USART_IrDACmd), (24 bytes).
    Removing stm32f4xx_usart.o(i.USART_IrDAConfig), (18 bytes).
    Removing stm32f4xx_usart.o(i.USART_LINBreakDetectLengthConfig), (18 bytes).
    Removing stm32f4xx_usart.o(i.USART_LINCmd), (24 bytes).
    Removing stm32f4xx_usart.o(i.USART_OneBitMethodCmd), (24 bytes).
    Removing stm32f4xx_usart.o(i.USART_OverSampling8Cmd), (22 bytes).
    Removing stm32f4xx_usart.o(i.USART_ReceiveData), (10 bytes).
    Removing stm32f4xx_usart.o(i.USART_ReceiverWakeUpCmd), (24 bytes).
    Removing stm32f4xx_usart.o(i.USART_SendBreak), (10 bytes).
    Removing stm32f4xx_usart.o(i.USART_SetAddress), (18 bytes).
    Removing stm32f4xx_usart.o(i.USART_SetGuardTime), (16 bytes).
    Removing stm32f4xx_usart.o(i.USART_SetPrescaler), (16 bytes).
    Removing stm32f4xx_usart.o(i.USART_SmartCardCmd), (24 bytes).
    Removing stm32f4xx_usart.o(i.USART_SmartCardNACKCmd), (24 bytes).
    Removing stm32f4xx_usart.o(i.USART_StructInit), (24 bytes).
    Removing stm32f4xx_usart.o(i.USART_WakeUpConfig), (18 bytes).
    Removing stm32f4xx_wwdg.o(.emb_text), (8 bytes).
    Removing stm32f4xx_wwdg.o(i.WWDG_ClearFlag), (12 bytes).
    Removing stm32f4xx_wwdg.o(i.WWDG_DeInit), (22 bytes).
    Removing stm32f4xx_wwdg.o(i.WWDG_Enable), (16 bytes).
    Removing stm32f4xx_wwdg.o(i.WWDG_EnableIT), (12 bytes).
    Removing stm32f4xx_wwdg.o(i.WWDG_GetFlagStatus), (20 bytes).
    Removing stm32f4xx_wwdg.o(i.WWDG_SetCounter), (16 bytes).
    Removing stm32f4xx_wwdg.o(i.WWDG_SetPrescaler), (24 bytes).
    Removing stm32f4xx_wwdg.o(i.WWDG_SetWindowValue), (40 bytes).
    Removing startup_stm32f4xx.o(HEAP), (512 bytes).
    Removing device.o(.emb_text), (8 bytes).
    Removing device.o(i.delay), (36 bytes).
    Removing device.o(i.while_1), (2 bytes).
    Removing device.o(.data), (12 bytes).
    Removing myiic.o(.emb_text), (8 bytes).
    Removing myiic.o(i.Change_Addr), (72 bytes).
    Removing myiic.o(i.KS10X_Change_Addr_Init), (22 bytes).
    Removing delay.o(.emb_text), (8 bytes).
    Removing dadd.o(.text), (334 bytes).
    Removing dmul.o(.text), (228 bytes).
    Removing ddiv.o(.text), (222 bytes).
    Removing dfixul.o(.text), (48 bytes).
    Removing cdrcmple.o(.text), (48 bytes).
    Removing depilogue.o(.text), (186 bytes).

786 unused section(s) (total 113568 bytes) removed from the image.

==============================================================================

Image Symbol Table

    Local Symbols

    Symbol Name                              Value     Ov Type        Size  Object(Section)

    ../clib/microlib/division.c              0x00000000   Number         0  uldiv.o ABSOLUTE
    ../clib/microlib/division.c              0x00000000   Number         0  uidiv.o ABSOLUTE
    ../clib/microlib/init/entry.s            0x00000000   Number         0  entry10b.o ABSOLUTE
    ../clib/microlib/init/entry.s            0x00000000   Number         0  entry.o ABSOLUTE
    ../clib/microlib/init/entry.s            0x00000000   Number         0  entry11a.o ABSOLUTE
    ../clib/microlib/init/entry.s            0x00000000   Number         0  entry11b.o ABSOLUTE
    ../clib/microlib/init/entry.s            0x00000000   Number         0  entry7b.o ABSOLUTE
    ../clib/microlib/init/entry.s            0x00000000   Number         0  entry10a.o ABSOLUTE
    ../clib/microlib/init/entry.s            0x00000000   Number         0  entry9b.o ABSOLUTE
    ../clib/microlib/init/entry.s            0x00000000   Number         0  entry9a.o ABSOLUTE
    ../clib/microlib/init/entry.s            0x00000000   Number         0  entry8b.o ABSOLUTE
    ../clib/microlib/init/entry.s            0x00000000   Number         0  entry8a.o ABSOLUTE
    ../clib/microlib/init/entry.s            0x00000000   Number         0  entry7a.o ABSOLUTE
    ../clib/microlib/init/entry.s            0x00000000   Number         0  entry5.o ABSOLUTE
    ../clib/microlib/init/entry.s            0x00000000   Number         0  entry2.o ABSOLUTE
    ../clib/microlib/longlong.c              0x00000000   Number         0  llushr.o ABSOLUTE
    ../clib/microlib/longlong.c              0x00000000   Number         0  llshl.o ABSOLUTE
    ../clib/microlib/longlong.c              0x00000000   Number         0  llsshr.o ABSOLUTE
    ../clib/microlib/printf/printf.c         0x00000000   Number         0  printf6.o ABSOLUTE
    ../clib/microlib/printf/printf.c         0x00000000   Number         0  printf8.o ABSOLUTE
    ../clib/microlib/printf/printf.c         0x00000000   Number         0  printf7.o ABSOLUTE
    ../clib/microlib/printf/printf.c         0x00000000   Number         0  printfa.o ABSOLUTE
    ../clib/microlib/printf/printf.c         0x00000000   Number         0  printf5.o ABSOLUTE
    ../clib/microlib/printf/printf.c         0x00000000   Number         0  printf4.o ABSOLUTE
    ../clib/microlib/printf/printf.c         0x00000000   Number         0  printf3.o ABSOLUTE
    ../clib/microlib/printf/printf.c         0x00000000   Number         0  printf2.o ABSOLUTE
    ../clib/microlib/printf/printf.c         0x00000000   Number         0  printf1.o ABSOLUTE
    ../clib/microlib/printf/printf.c         0x00000000   Number         0  printf0.o ABSOLUTE
    ../clib/microlib/printf/printf.c         0x00000000   Number         0  printfb.o ABSOLUTE
    ../clib/microlib/printf/stubs.s          0x00000000   Number         0  stubs.o ABSOLUTE
    ../clib/microlib/stdio/streams.c         0x00000000   Number         0  stdout.o ABSOLUTE
    ../clib/microlib/string/memset.c         0x00000000   Number         0  memseta.o ABSOLUTE
    ../clib/microlib/stubs.s                 0x00000000   Number         0  iusefp.o ABSOLUTE
    ../fplib/microlib/fpadd.c                0x00000000   Number         0  dadd.o ABSOLUTE
    ../fplib/microlib/fpdiv.c                0x00000000   Number         0  ddiv.o ABSOLUTE
    ../fplib/microlib/fpepilogue.c           0x00000000   Number         0  depilogue.o ABSOLUTE
    ../fplib/microlib/fpfix.c                0x00000000   Number         0  dfixul.o ABSOLUTE
    ../fplib/microlib/fpmul.c                0x00000000   Number         0  dmul.o ABSOLUTE
    ..\BSP\bsp.c                             0x00000000   Number         0  bsp.o ABSOLUTE
    ..\CMSIS\ST\STM32F4xx\Source\Templates\system_stm32f4xx.c 0x00000000   Number         0  system_stm32f4xx.o ABSOLUTE
    ..\DSP_Lib\Source\BasicMathFunctions\arm_abs_f32.c 0x00000000   Number         0  arm_abs_f32.o ABSOLUTE
    ..\DSP_Lib\Source\BasicMathFunctions\arm_add_f32.c 0x00000000   Number         0  arm_add_f32.o ABSOLUTE
    ..\DSP_Lib\Source\BasicMathFunctions\arm_dot_prod_f32.c 0x00000000   Number         0  arm_dot_prod_f32.o ABSOLUTE
    ..\DSP_Lib\Source\BasicMathFunctions\arm_mult_f32.c 0x00000000   Number         0  arm_mult_f32.o ABSOLUTE
    ..\DSP_Lib\Source\BasicMathFunctions\arm_negate_f32.c 0x00000000   Number         0  arm_negate_f32.o ABSOLUTE
    ..\DSP_Lib\Source\BasicMathFunctions\arm_offset_f32.c 0x00000000   Number         0  arm_offset_f32.o ABSOLUTE
    ..\DSP_Lib\Source\BasicMathFunctions\arm_scale_f32.c 0x00000000   Number         0  arm_scale_f32.o ABSOLUTE
    ..\DSP_Lib\Source\BasicMathFunctions\arm_sub_f32.c 0x00000000   Number         0  arm_sub_f32.o ABSOLUTE
    ..\DSP_Lib\Source\CommonTables\arm_common_tables.c 0x00000000   Number         0  arm_common_tables.o ABSOLUTE
    ..\DSP_Lib\Source\ComplexMathFunctions\arm_cmplx_conj_f32.c 0x00000000   Number         0  arm_cmplx_conj_f32.o ABSOLUTE
    ..\DSP_Lib\Source\ComplexMathFunctions\arm_cmplx_dot_prod_f32.c 0x00000000   Number         0  arm_cmplx_dot_prod_f32.o ABSOLUTE
    ..\DSP_Lib\Source\ComplexMathFunctions\arm_cmplx_mag_f32.c 0x00000000   Number         0  arm_cmplx_mag_f32.o ABSOLUTE
    ..\DSP_Lib\Source\ComplexMathFunctions\arm_cmplx_mag_squared_f32.c 0x00000000   Number         0  arm_cmplx_mag_squared_f32.o ABSOLUTE
    ..\DSP_Lib\Source\ComplexMathFunctions\arm_cmplx_mult_cmplx_f32.c 0x00000000   Number         0  arm_cmplx_mult_cmplx_f32.o ABSOLUTE
    ..\DSP_Lib\Source\ComplexMathFunctions\arm_cmplx_mult_real_f32.c 0x00000000   Number         0  arm_cmplx_mult_real_f32.o ABSOLUTE
    ..\DSP_Lib\Source\ControllerFunctions\arm_pid_init_f32.c 0x00000000   Number         0  arm_pid_init_f32.o ABSOLUTE
    ..\DSP_Lib\Source\ControllerFunctions\arm_pid_reset_f32.c 0x00000000   Number         0  arm_pid_reset_f32.o ABSOLUTE
    ..\DSP_Lib\Source\ControllerFunctions\arm_sin_cos_f32.c 0x00000000   Number         0  arm_sin_cos_f32.o ABSOLUTE
    ..\DSP_Lib\Source\FastMathFunctions\arm_cos_f32.c 0x00000000   Number         0  arm_cos_f32.o ABSOLUTE
    ..\DSP_Lib\Source\FastMathFunctions\arm_sin_f32.c 0x00000000   Number         0  arm_sin_f32.o ABSOLUTE
    ..\DSP_Lib\Source\FilteringFunctions\arm_biquad_cascade_df1_f32.c 0x00000000   Number         0  arm_biquad_cascade_df1_f32.o ABSOLUTE
    ..\DSP_Lib\Source\FilteringFunctions\arm_biquad_cascade_df1_init_f32.c 0x00000000   Number         0  arm_biquad_cascade_df1_init_f32.o ABSOLUTE
    ..\DSP_Lib\Source\FilteringFunctions\arm_biquad_cascade_df2T_f32.c 0x00000000   Number         0  arm_biquad_cascade_df2t_f32.o ABSOLUTE
    ..\DSP_Lib\Source\FilteringFunctions\arm_biquad_cascade_df2T_init_f32.c 0x00000000   Number         0  arm_biquad_cascade_df2t_init_f32.o ABSOLUTE
    ..\DSP_Lib\Source\FilteringFunctions\arm_conv_f32.c 0x00000000   Number         0  arm_conv_f32.o ABSOLUTE
    ..\DSP_Lib\Source\FilteringFunctions\arm_conv_partial_f32.c 0x00000000   Number         0  arm_conv_partial_f32.o ABSOLUTE
    ..\DSP_Lib\Source\FilteringFunctions\arm_correlate_f32.c 0x00000000   Number         0  arm_correlate_f32.o ABSOLUTE
    ..\DSP_Lib\Source\FilteringFunctions\arm_fir_decimate_f32.c 0x00000000   Number         0  arm_fir_decimate_f32.o ABSOLUTE
    ..\DSP_Lib\Source\FilteringFunctions\arm_fir_decimate_init_f32.c 0x00000000   Number         0  arm_fir_decimate_init_f32.o ABSOLUTE
    ..\DSP_Lib\Source\FilteringFunctions\arm_fir_f32.c 0x00000000   Number         0  arm_fir_f32.o ABSOLUTE
    ..\DSP_Lib\Source\FilteringFunctions\arm_fir_init_f32.c 0x00000000   Number         0  arm_fir_init_f32.o ABSOLUTE
    ..\DSP_Lib\Source\FilteringFunctions\arm_fir_interpolate_f32.c 0x00000000   Number         0  arm_fir_interpolate_f32.o ABSOLUTE
    ..\DSP_Lib\Source\FilteringFunctions\arm_fir_interpolate_init_f32.c 0x00000000   Number         0  arm_fir_interpolate_init_f32.o ABSOLUTE
    ..\DSP_Lib\Source\FilteringFunctions\arm_fir_lattice_f32.c 0x00000000   Number         0  arm_fir_lattice_f32.o ABSOLUTE
    ..\DSP_Lib\Source\FilteringFunctions\arm_fir_lattice_init_f32.c 0x00000000   Number         0  arm_fir_lattice_init_f32.o ABSOLUTE
    ..\DSP_Lib\Source\FilteringFunctions\arm_fir_sparse_f32.c 0x00000000   Number         0  arm_fir_sparse_f32.o ABSOLUTE
    ..\DSP_Lib\Source\FilteringFunctions\arm_fir_sparse_init_f32.c 0x00000000   Number         0  arm_fir_sparse_init_f32.o ABSOLUTE
    ..\DSP_Lib\Source\FilteringFunctions\arm_iir_lattice_f32.c 0x00000000   Number         0  arm_iir_lattice_f32.o ABSOLUTE
    ..\DSP_Lib\Source\FilteringFunctions\arm_iir_lattice_init_f32.c 0x00000000   Number         0  arm_iir_lattice_init_f32.o ABSOLUTE
    ..\DSP_Lib\Source\FilteringFunctions\arm_lms_f32.c 0x00000000   Number         0  arm_lms_f32.o ABSOLUTE
    ..\DSP_Lib\Source\FilteringFunctions\arm_lms_init_f32.c 0x00000000   Number         0  arm_lms_init_f32.o ABSOLUTE
    ..\DSP_Lib\Source\FilteringFunctions\arm_lms_norm_f32.c 0x00000000   Number         0  arm_lms_norm_f32.o ABSOLUTE
    ..\DSP_Lib\Source\FilteringFunctions\arm_lms_norm_init_f32.c 0x00000000   Number         0  arm_lms_norm_init_f32.o ABSOLUTE
    ..\DSP_Lib\Source\MatrixFunctions\arm_mat_add_f32.c 0x00000000   Number         0  arm_mat_add_f32.o ABSOLUTE
    ..\DSP_Lib\Source\MatrixFunctions\arm_mat_init_f32.c 0x00000000   Number         0  arm_mat_init_f32.o ABSOLUTE
    ..\DSP_Lib\Source\MatrixFunctions\arm_mat_inverse_f32.c 0x00000000   Number         0  arm_mat_inverse_f32.o ABSOLUTE
    ..\DSP_Lib\Source\MatrixFunctions\arm_mat_mult_f32.c 0x00000000   Number         0  arm_mat_mult_f32.o ABSOLUTE
    ..\DSP_Lib\Source\MatrixFunctions\arm_mat_scale_f32.c 0x00000000   Number         0  arm_mat_scale_f32.o ABSOLUTE
    ..\DSP_Lib\Source\MatrixFunctions\arm_mat_sub_f32.c 0x00000000   Number         0  arm_mat_sub_f32.o ABSOLUTE
    ..\DSP_Lib\Source\MatrixFunctions\arm_mat_trans_f32.c 0x00000000   Number         0  arm_mat_trans_f32.o ABSOLUTE
    ..\DSP_Lib\Source\StatisticsFunctions\arm_max_f32.c 0x00000000   Number         0  arm_max_f32.o ABSOLUTE
    ..\DSP_Lib\Source\StatisticsFunctions\arm_mean_f32.c 0x00000000   Number         0  arm_mean_f32.o ABSOLUTE
    ..\DSP_Lib\Source\StatisticsFunctions\arm_min_f32.c 0x00000000   Number         0  arm_min_f32.o ABSOLUTE
    ..\DSP_Lib\Source\StatisticsFunctions\arm_power_f32.c 0x00000000   Number         0  arm_power_f32.o ABSOLUTE
    ..\DSP_Lib\Source\StatisticsFunctions\arm_rms_f32.c 0x00000000   Number         0  arm_rms_f32.o ABSOLUTE
    ..\DSP_Lib\Source\StatisticsFunctions\arm_std_f32.c 0x00000000   Number         0  arm_std_f32.o ABSOLUTE
    ..\DSP_Lib\Source\StatisticsFunctions\arm_var_f32.c 0x00000000   Number         0  arm_var_f32.o ABSOLUTE
    ..\DSP_Lib\Source\SupportFunctions\arm_copy_f32.c 0x00000000   Number         0  arm_copy_f32.o ABSOLUTE
    ..\DSP_Lib\Source\SupportFunctions\arm_fill_f32.c 0x00000000   Number         0  arm_fill_f32.o ABSOLUTE
    ..\DSP_Lib\Source\SupportFunctions\arm_q15_to_float.c 0x00000000   Number         0  arm_q15_to_float.o ABSOLUTE
    ..\DSP_Lib\Source\SupportFunctions\arm_q31_to_float.c 0x00000000   Number         0  arm_q31_to_float.o ABSOLUTE
    ..\DSP_Lib\Source\SupportFunctions\arm_q7_to_float.c 0x00000000   Number         0  arm_q7_to_float.o ABSOLUTE
    ..\DSP_Lib\Source\TransformFunctions\arm_cfft_radix4_f32.c 0x00000000   Number         0  arm_cfft_radix4_f32.o ABSOLUTE
    ..\DSP_Lib\Source\TransformFunctions\arm_cfft_radix4_init_f32.c 0x00000000   Number         0  arm_cfft_radix4_init_f32.o ABSOLUTE
    ..\DSP_Lib\Source\TransformFunctions\arm_dct4_f32.c 0x00000000   Number         0  arm_dct4_f32.o ABSOLUTE
    ..\DSP_Lib\Source\TransformFunctions\arm_dct4_init_f32.c 0x00000000   Number         0  arm_dct4_init_f32.o ABSOLUTE
    ..\DSP_Lib\Source\TransformFunctions\arm_rfft_f32.c 0x00000000   Number         0  arm_rfft_f32.o ABSOLUTE
    ..\DSP_Lib\Source\TransformFunctions\arm_rfft_init_f32.c 0x00000000   Number         0  arm_rfft_init_f32.o ABSOLUTE
    ..\Device\device.c                       0x00000000   Number         0  device.o ABSOLUTE
    ..\FWLIB\src\misc.c                      0x00000000   Number         0  misc.o ABSOLUTE
    ..\FWLIB\src\stm32f4xx_adc.c             0x00000000   Number         0  stm32f4xx_adc.o ABSOLUTE
    ..\FWLIB\src\stm32f4xx_can.c             0x00000000   Number         0  stm32f4xx_can.o ABSOLUTE
    ..\FWLIB\src\stm32f4xx_crc.c             0x00000000   Number         0  stm32f4xx_crc.o ABSOLUTE
    ..\FWLIB\src\stm32f4xx_cryp.c            0x00000000   Number         0  stm32f4xx_cryp.o ABSOLUTE
    ..\FWLIB\src\stm32f4xx_cryp_aes.c        0x00000000   Number         0  stm32f4xx_cryp_aes.o ABSOLUTE
    ..\FWLIB\src\stm32f4xx_cryp_des.c        0x00000000   Number         0  stm32f4xx_cryp_des.o ABSOLUTE
    ..\FWLIB\src\stm32f4xx_cryp_tdes.c       0x00000000   Number         0  stm32f4xx_cryp_tdes.o ABSOLUTE
    ..\FWLIB\src\stm32f4xx_dac.c             0x00000000   Number         0  stm32f4xx_dac.o ABSOLUTE
    ..\FWLIB\src\stm32f4xx_dbgmcu.c          0x00000000   Number         0  stm32f4xx_dbgmcu.o ABSOLUTE
    ..\FWLIB\src\stm32f4xx_dcmi.c            0x00000000   Number         0  stm32f4xx_dcmi.o ABSOLUTE
    ..\FWLIB\src\stm32f4xx_dma.c             0x00000000   Number         0  stm32f4xx_dma.o ABSOLUTE
    ..\FWLIB\src\stm32f4xx_exti.c            0x00000000   Number         0  stm32f4xx_exti.o ABSOLUTE
    ..\FWLIB\src\stm32f4xx_flash.c           0x00000000   Number         0  stm32f4xx_flash.o ABSOLUTE
    ..\FWLIB\src\stm32f4xx_fsmc.c            0x00000000   Number         0  stm32f4xx_fsmc.o ABSOLUTE
    ..\FWLIB\src\stm32f4xx_gpio.c            0x00000000   Number         0  stm32f4xx_gpio.o ABSOLUTE
    ..\FWLIB\src\stm32f4xx_hash.c            0x00000000   Number         0  stm32f4xx_hash.o ABSOLUTE
    ..\FWLIB\src\stm32f4xx_hash_md5.c        0x00000000   Number         0  stm32f4xx_hash_md5.o ABSOLUTE
    ..\FWLIB\src\stm32f4xx_hash_sha1.c       0x00000000   Number         0  stm32f4xx_hash_sha1.o ABSOLUTE
    ..\FWLIB\src\stm32f4xx_i2c.c             0x00000000   Number         0  stm32f4xx_i2c.o ABSOLUTE
    ..\FWLIB\src\stm32f4xx_iwdg.c            0x00000000   Number         0  stm32f4xx_iwdg.o ABSOLUTE
    ..\FWLIB\src\stm32f4xx_pwr.c             0x00000000   Number         0  stm32f4xx_pwr.o ABSOLUTE
    ..\FWLIB\src\stm32f4xx_rcc.c             0x00000000   Number         0  stm32f4xx_rcc.o ABSOLUTE
    ..\FWLIB\src\stm32f4xx_rng.c             0x00000000   Number         0  stm32f4xx_rng.o ABSOLUTE
    ..\FWLIB\src\stm32f4xx_rtc.c             0x00000000   Number         0  stm32f4xx_rtc.o ABSOLUTE
    ..\FWLIB\src\stm32f4xx_sdio.c            0x00000000   Number         0  stm32f4xx_sdio.o ABSOLUTE
    ..\FWLIB\src\stm32f4xx_spi.c             0x00000000   Number         0  stm32f4xx_spi.o ABSOLUTE
    ..\FWLIB\src\stm32f4xx_syscfg.c          0x00000000   Number         0  stm32f4xx_syscfg.o ABSOLUTE
    ..\FWLIB\src\stm32f4xx_tim.c             0x00000000   Number         0  stm32f4xx_tim.o ABSOLUTE
    ..\FWLIB\src\stm32f4xx_usart.c           0x00000000   Number         0  stm32f4xx_usart.o ABSOLUTE
    ..\FWLIB\src\stm32f4xx_wwdg.c            0x00000000   Number         0  stm32f4xx_wwdg.o ABSOLUTE
    ..\USER\main.c                           0x00000000   Number         0  main.o ABSOLUTE
    ..\USER\stm32f4xx_it.c                   0x00000000   Number         0  stm32f4xx_it.o ABSOLUTE
    ..\\BSP\\bsp.c                           0x00000000   Number         0  bsp.o ABSOLUTE
    ..\\CMSIS\\ST\\STM32F4xx\\Source\\Templates\\system_stm32f4xx.c 0x00000000   Number         0  system_stm32f4xx.o ABSOLUTE
    ..\\DSP_Lib\\Source\\BasicMathFunctions\\arm_abs_f32.c 0x00000000   Number         0  arm_abs_f32.o ABSOLUTE
    ..\\DSP_Lib\\Source\\BasicMathFunctions\\arm_add_f32.c 0x00000000   Number         0  arm_add_f32.o ABSOLUTE
    ..\\DSP_Lib\\Source\\BasicMathFunctions\\arm_dot_prod_f32.c 0x00000000   Number         0  arm_dot_prod_f32.o ABSOLUTE
    ..\\DSP_Lib\\Source\\BasicMathFunctions\\arm_mult_f32.c 0x00000000   Number         0  arm_mult_f32.o ABSOLUTE
    ..\\DSP_Lib\\Source\\BasicMathFunctions\\arm_negate_f32.c 0x00000000   Number         0  arm_negate_f32.o ABSOLUTE
    ..\\DSP_Lib\\Source\\BasicMathFunctions\\arm_offset_f32.c 0x00000000   Number         0  arm_offset_f32.o ABSOLUTE
    ..\\DSP_Lib\\Source\\BasicMathFunctions\\arm_scale_f32.c 0x00000000   Number         0  arm_scale_f32.o ABSOLUTE
    ..\\DSP_Lib\\Source\\BasicMathFunctions\\arm_sub_f32.c 0x00000000   Number         0  arm_sub_f32.o ABSOLUTE
    ..\\DSP_Lib\\Source\\CommonTables\\arm_common_tables.c 0x00000000   Number         0  arm_common_tables.o ABSOLUTE
    ..\\DSP_Lib\\Source\\ComplexMathFunctions\\arm_cmplx_conj_f32.c 0x00000000   Number         0  arm_cmplx_conj_f32.o ABSOLUTE
    ..\\DSP_Lib\\Source\\ComplexMathFunctions\\arm_cmplx_dot_prod_f32.c 0x00000000   Number         0  arm_cmplx_dot_prod_f32.o ABSOLUTE
    ..\\DSP_Lib\\Source\\ComplexMathFunctions\\arm_cmplx_mag_f32.c 0x00000000   Number         0  arm_cmplx_mag_f32.o ABSOLUTE
    ..\\DSP_Lib\\Source\\ComplexMathFunctions\\arm_cmplx_mag_squared_f32.c 0x00000000   Number         0  arm_cmplx_mag_squared_f32.o ABSOLUTE
    ..\\DSP_Lib\\Source\\ComplexMathFunctions\\arm_cmplx_mult_cmplx_f32.c 0x00000000   Number         0  arm_cmplx_mult_cmplx_f32.o ABSOLUTE
    ..\\DSP_Lib\\Source\\ComplexMathFunctions\\arm_cmplx_mult_real_f32.c 0x00000000   Number         0  arm_cmplx_mult_real_f32.o ABSOLUTE
    ..\\DSP_Lib\\Source\\ControllerFunctions\\arm_pid_init_f32.c 0x00000000   Number         0  arm_pid_init_f32.o ABSOLUTE
    ..\\DSP_Lib\\Source\\ControllerFunctions\\arm_pid_reset_f32.c 0x00000000   Number         0  arm_pid_reset_f32.o ABSOLUTE
    ..\\DSP_Lib\\Source\\ControllerFunctions\\arm_sin_cos_f32.c 0x00000000   Number         0  arm_sin_cos_f32.o ABSOLUTE
    ..\\DSP_Lib\\Source\\FastMathFunctions\\arm_cos_f32.c 0x00000000   Number         0  arm_cos_f32.o ABSOLUTE
    ..\\DSP_Lib\\Source\\FastMathFunctions\\arm_sin_f32.c 0x00000000   Number         0  arm_sin_f32.o ABSOLUTE
    ..\\DSP_Lib\\Source\\FilteringFunctions\\arm_biquad_cascade_df1_f32.c 0x00000000   Number         0  arm_biquad_cascade_df1_f32.o ABSOLUTE
    ..\\DSP_Lib\\Source\\FilteringFunctions\\arm_biquad_cascade_df1_init_f32.c 0x00000000   Number         0  arm_biquad_cascade_df1_init_f32.o ABSOLUTE
    ..\\DSP_Lib\\Source\\FilteringFunctions\\arm_biquad_cascade_df2T_f32.c 0x00000000   Number         0  arm_biquad_cascade_df2t_f32.o ABSOLUTE
    ..\\DSP_Lib\\Source\\FilteringFunctions\\arm_biquad_cascade_df2T_init_f32.c 0x00000000   Number         0  arm_biquad_cascade_df2t_init_f32.o ABSOLUTE
    ..\\DSP_Lib\\Source\\FilteringFunctions\\arm_conv_f32.c 0x00000000   Number         0  arm_conv_f32.o ABSOLUTE
    ..\\DSP_Lib\\Source\\FilteringFunctions\\arm_conv_partial_f32.c 0x00000000   Number         0  arm_conv_partial_f32.o ABSOLUTE
    ..\\DSP_Lib\\Source\\FilteringFunctions\\arm_correlate_f32.c 0x00000000   Number         0  arm_correlate_f32.o ABSOLUTE
    ..\\DSP_Lib\\Source\\FilteringFunctions\\arm_fir_decimate_f32.c 0x00000000   Number         0  arm_fir_decimate_f32.o ABSOLUTE
    ..\\DSP_Lib\\Source\\FilteringFunctions\\arm_fir_decimate_init_f32.c 0x00000000   Number         0  arm_fir_decimate_init_f32.o ABSOLUTE
    ..\\DSP_Lib\\Source\\FilteringFunctions\\arm_fir_f32.c 0x00000000   Number         0  arm_fir_f32.o ABSOLUTE
    ..\\DSP_Lib\\Source\\FilteringFunctions\\arm_fir_init_f32.c 0x00000000   Number         0  arm_fir_init_f32.o ABSOLUTE
    ..\\DSP_Lib\\Source\\FilteringFunctions\\arm_fir_interpolate_f32.c 0x00000000   Number         0  arm_fir_interpolate_f32.o ABSOLUTE
    ..\\DSP_Lib\\Source\\FilteringFunctions\\arm_fir_interpolate_init_f32.c 0x00000000   Number         0  arm_fir_interpolate_init_f32.o ABSOLUTE
    ..\\DSP_Lib\\Source\\FilteringFunctions\\arm_fir_lattice_f32.c 0x00000000   Number         0  arm_fir_lattice_f32.o ABSOLUTE
    ..\\DSP_Lib\\Source\\FilteringFunctions\\arm_fir_lattice_init_f32.c 0x00000000   Number         0  arm_fir_lattice_init_f32.o ABSOLUTE
    ..\\DSP_Lib\\Source\\FilteringFunctions\\arm_fir_sparse_f32.c 0x00000000   Number         0  arm_fir_sparse_f32.o ABSOLUTE
    ..\\DSP_Lib\\Source\\FilteringFunctions\\arm_fir_sparse_init_f32.c 0x00000000   Number         0  arm_fir_sparse_init_f32.o ABSOLUTE
    ..\\DSP_Lib\\Source\\FilteringFunctions\\arm_iir_lattice_f32.c 0x00000000   Number         0  arm_iir_lattice_f32.o ABSOLUTE
    ..\\DSP_Lib\\Source\\FilteringFunctions\\arm_iir_lattice_init_f32.c 0x00000000   Number         0  arm_iir_lattice_init_f32.o ABSOLUTE
    ..\\DSP_Lib\\Source\\FilteringFunctions\\arm_lms_f32.c 0x00000000   Number         0  arm_lms_f32.o ABSOLUTE
    ..\\DSP_Lib\\Source\\FilteringFunctions\\arm_lms_init_f32.c 0x00000000   Number         0  arm_lms_init_f32.o ABSOLUTE
    ..\\DSP_Lib\\Source\\FilteringFunctions\\arm_lms_norm_f32.c 0x00000000   Number         0  arm_lms_norm_f32.o ABSOLUTE
    ..\\DSP_Lib\\Source\\FilteringFunctions\\arm_lms_norm_init_f32.c 0x00000000   Number         0  arm_lms_norm_init_f32.o ABSOLUTE
    ..\\DSP_Lib\\Source\\MatrixFunctions\\arm_mat_add_f32.c 0x00000000   Number         0  arm_mat_add_f32.o ABSOLUTE
    ..\\DSP_Lib\\Source\\MatrixFunctions\\arm_mat_init_f32.c 0x00000000   Number         0  arm_mat_init_f32.o ABSOLUTE
    ..\\DSP_Lib\\Source\\MatrixFunctions\\arm_mat_inverse_f32.c 0x00000000   Number         0  arm_mat_inverse_f32.o ABSOLUTE
    ..\\DSP_Lib\\Source\\MatrixFunctions\\arm_mat_mult_f32.c 0x00000000   Number         0  arm_mat_mult_f32.o ABSOLUTE
    ..\\DSP_Lib\\Source\\MatrixFunctions\\arm_mat_scale_f32.c 0x00000000   Number         0  arm_mat_scale_f32.o ABSOLUTE
    ..\\DSP_Lib\\Source\\MatrixFunctions\\arm_mat_sub_f32.c 0x00000000   Number         0  arm_mat_sub_f32.o ABSOLUTE
    ..\\DSP_Lib\\Source\\MatrixFunctions\\arm_mat_trans_f32.c 0x00000000   Number         0  arm_mat_trans_f32.o ABSOLUTE
    ..\\DSP_Lib\\Source\\StatisticsFunctions\\arm_max_f32.c 0x00000000   Number         0  arm_max_f32.o ABSOLUTE
    ..\\DSP_Lib\\Source\\StatisticsFunctions\\arm_mean_f32.c 0x00000000   Number         0  arm_mean_f32.o ABSOLUTE
    ..\\DSP_Lib\\Source\\StatisticsFunctions\\arm_min_f32.c 0x00000000   Number         0  arm_min_f32.o ABSOLUTE
    ..\\DSP_Lib\\Source\\StatisticsFunctions\\arm_power_f32.c 0x00000000   Number         0  arm_power_f32.o ABSOLUTE
    ..\\DSP_Lib\\Source\\StatisticsFunctions\\arm_rms_f32.c 0x00000000   Number         0  arm_rms_f32.o ABSOLUTE
    ..\\DSP_Lib\\Source\\StatisticsFunctions\\arm_std_f32.c 0x00000000   Number         0  arm_std_f32.o ABSOLUTE
    ..\\DSP_Lib\\Source\\StatisticsFunctions\\arm_var_f32.c 0x00000000   Number         0  arm_var_f32.o ABSOLUTE
    ..\\DSP_Lib\\Source\\SupportFunctions\\arm_copy_f32.c 0x00000000   Number         0  arm_copy_f32.o ABSOLUTE
    ..\\DSP_Lib\\Source\\SupportFunctions\\arm_fill_f32.c 0x00000000   Number         0  arm_fill_f32.o ABSOLUTE
    ..\\DSP_Lib\\Source\\SupportFunctions\\arm_q15_to_float.c 0x00000000   Number         0  arm_q15_to_float.o ABSOLUTE
    ..\\DSP_Lib\\Source\\SupportFunctions\\arm_q31_to_float.c 0x00000000   Number         0  arm_q31_to_float.o ABSOLUTE
    ..\\DSP_Lib\\Source\\SupportFunctions\\arm_q7_to_float.c 0x00000000   Number         0  arm_q7_to_float.o ABSOLUTE
    ..\\DSP_Lib\\Source\\TransformFunctions\\arm_cfft_radix4_f32.c 0x00000000   Number         0  arm_cfft_radix4_f32.o ABSOLUTE
    ..\\DSP_Lib\\Source\\TransformFunctions\\arm_cfft_radix4_init_f32.c 0x00000000   Number         0  arm_cfft_radix4_init_f32.o ABSOLUTE
    ..\\DSP_Lib\\Source\\TransformFunctions\\arm_dct4_f32.c 0x00000000   Number         0  arm_dct4_f32.o ABSOLUTE
    ..\\DSP_Lib\\Source\\TransformFunctions\\arm_dct4_init_f32.c 0x00000000   Number         0  arm_dct4_init_f32.o ABSOLUTE
    ..\\DSP_Lib\\Source\\TransformFunctions\\arm_rfft_f32.c 0x00000000   Number         0  arm_rfft_f32.o ABSOLUTE
    ..\\DSP_Lib\\Source\\TransformFunctions\\arm_rfft_init_f32.c 0x00000000   Number         0  arm_rfft_init_f32.o ABSOLUTE
    ..\\Device\\device.c                     0x00000000   Number         0  device.o ABSOLUTE
    ..\\FWLIB\\src\\misc.c                   0x00000000   Number         0  misc.o ABSOLUTE
    ..\\FWLIB\\src\\stm32f4xx_adc.c          0x00000000   Number         0  stm32f4xx_adc.o ABSOLUTE
    ..\\FWLIB\\src\\stm32f4xx_can.c          0x00000000   Number         0  stm32f4xx_can.o ABSOLUTE
    ..\\FWLIB\\src\\stm32f4xx_crc.c          0x00000000   Number         0  stm32f4xx_crc.o ABSOLUTE
    ..\\FWLIB\\src\\stm32f4xx_cryp.c         0x00000000   Number         0  stm32f4xx_cryp.o ABSOLUTE
    ..\\FWLIB\\src\\stm32f4xx_cryp_aes.c     0x00000000   Number         0  stm32f4xx_cryp_aes.o ABSOLUTE
    ..\\FWLIB\\src\\stm32f4xx_cryp_des.c     0x00000000   Number         0  stm32f4xx_cryp_des.o ABSOLUTE
    ..\\FWLIB\\src\\stm32f4xx_cryp_tdes.c    0x00000000   Number         0  stm32f4xx_cryp_tdes.o ABSOLUTE
    ..\\FWLIB\\src\\stm32f4xx_dac.c          0x00000000   Number         0  stm32f4xx_dac.o ABSOLUTE
    ..\\FWLIB\\src\\stm32f4xx_dbgmcu.c       0x00000000   Number         0  stm32f4xx_dbgmcu.o ABSOLUTE
    ..\\FWLIB\\src\\stm32f4xx_dcmi.c         0x00000000   Number         0  stm32f4xx_dcmi.o ABSOLUTE
    ..\\FWLIB\\src\\stm32f4xx_dma.c          0x00000000   Number         0  stm32f4xx_dma.o ABSOLUTE
    ..\\FWLIB\\src\\stm32f4xx_exti.c         0x00000000   Number         0  stm32f4xx_exti.o ABSOLUTE
    ..\\FWLIB\\src\\stm32f4xx_flash.c        0x00000000   Number         0  stm32f4xx_flash.o ABSOLUTE
    ..\\FWLIB\\src\\stm32f4xx_fsmc.c         0x00000000   Number         0  stm32f4xx_fsmc.o ABSOLUTE
    ..\\FWLIB\\src\\stm32f4xx_gpio.c         0x00000000   Number         0  stm32f4xx_gpio.o ABSOLUTE
    ..\\FWLIB\\src\\stm32f4xx_hash.c         0x00000000   Number         0  stm32f4xx_hash.o ABSOLUTE
    ..\\FWLIB\\src\\stm32f4xx_hash_md5.c     0x00000000   Number         0  stm32f4xx_hash_md5.o ABSOLUTE
    ..\\FWLIB\\src\\stm32f4xx_hash_sha1.c    0x00000000   Number         0  stm32f4xx_hash_sha1.o ABSOLUTE
    ..\\FWLIB\\src\\stm32f4xx_i2c.c          0x00000000   Number         0  stm32f4xx_i2c.o ABSOLUTE
    ..\\FWLIB\\src\\stm32f4xx_iwdg.c         0x00000000   Number         0  stm32f4xx_iwdg.o ABSOLUTE
    ..\\FWLIB\\src\\stm32f4xx_pwr.c          0x00000000   Number         0  stm32f4xx_pwr.o ABSOLUTE
    ..\\FWLIB\\src\\stm32f4xx_rcc.c          0x00000000   Number         0  stm32f4xx_rcc.o ABSOLUTE
    ..\\FWLIB\\src\\stm32f4xx_rng.c          0x00000000   Number         0  stm32f4xx_rng.o ABSOLUTE
    ..\\FWLIB\\src\\stm32f4xx_rtc.c          0x00000000   Number         0  stm32f4xx_rtc.o ABSOLUTE
    ..\\FWLIB\\src\\stm32f4xx_sdio.c         0x00000000   Number         0  stm32f4xx_sdio.o ABSOLUTE
    ..\\FWLIB\\src\\stm32f4xx_spi.c          0x00000000   Number         0  stm32f4xx_spi.o ABSOLUTE
    ..\\FWLIB\\src\\stm32f4xx_syscfg.c       0x00000000   Number         0  stm32f4xx_syscfg.o ABSOLUTE
    ..\\FWLIB\\src\\stm32f4xx_tim.c          0x00000000   Number         0  stm32f4xx_tim.o ABSOLUTE
    ..\\FWLIB\\src\\stm32f4xx_usart.c        0x00000000   Number         0  stm32f4xx_usart.o ABSOLUTE
    ..\\FWLIB\\src\\stm32f4xx_wwdg.c         0x00000000   Number         0  stm32f4xx_wwdg.o ABSOLUTE
    ..\\USER\\main.c                         0x00000000   Number         0  main.o ABSOLUTE
    ..\\USER\\stm32f4xx_it.c                 0x00000000   Number         0  stm32f4xx_it.o ABSOLUTE
    ..\startup\startup_stm32f4xx.s           0x00000000   Number         0  startup_stm32f4xx.o ABSOLUTE
    cdrcmple.s                               0x00000000   Number         0  cdrcmple.o ABSOLUTE
    dc.s                                     0x00000000   Number         0  dc.o ABSOLUTE
    delay.c                                  0x00000000   Number         0  delay.o ABSOLUTE
    delay.c                                  0x00000000   Number         0  delay.o ABSOLUTE
    handlers.s                               0x00000000   Number         0  handlers.o ABSOLUTE
    init.s                                   0x00000000   Number         0  init.o ABSOLUTE
    myiic.c                                  0x00000000   Number         0  myiic.o ABSOLUTE
    myiic.c                                  0x00000000   Number         0  myiic.o ABSOLUTE
    RESET                                    0x08000000   Section      392  startup_stm32f4xx.o(RESET)
    .ARM.Collect$$$$00000000                 0x08000188   Section        0  entry.o(.ARM.Collect$$$$00000000)
    .ARM.Collect$$$$00000001                 0x08000188   Section        4  entry2.o(.ARM.Collect$$$$00000001)
    .ARM.Collect$$$$00000004                 0x0800018c   Section        4  entry5.o(.ARM.Collect$$$$00000004)
    .ARM.Collect$$$$00000008                 0x08000190   Section        0  entry7b.o(.ARM.Collect$$$$00000008)
    .ARM.Collect$$$$0000000A                 0x08000190   Section        0  entry8b.o(.ARM.Collect$$$$0000000A)
    .ARM.Collect$$$$0000000B                 0x08000190   Section        8  entry9a.o(.ARM.Collect$$$$0000000B)
    .ARM.Collect$$$$0000000D                 0x08000198   Section        0  entry10a.o(.ARM.Collect$$$$0000000D)
    .ARM.Collect$$$$0000000F                 0x08000198   Section        0  entry11a.o(.ARM.Collect$$$$0000000F)
    .ARM.Collect$$$$00002712                 0x08000198   Section        4  entry2.o(.ARM.Collect$$$$00002712)
    __lit__00000000                          0x08000198   Data           4  entry2.o(.ARM.Collect$$$$00002712)
    .text                                    0x0800019c   Section       36  startup_stm32f4xx.o(.text)
    $v0                                      0x0800019c   Number         0  startup_stm32f4xx.o(.text)
    .text                                    0x080001c0   Section        0  uidiv.o(.text)
    .text                                    0x080001ec   Section       36  init.o(.text)
    i.BSP_Init                               0x08000210   Section        0  bsp.o(i.BSP_Init)
    i.BusFault_Handler                       0x08000234   Section        0  stm32f4xx_it.o(i.BusFault_Handler)
    i.CAN1_RX0_IRQHandler                    0x08000238   Section        0  stm32f4xx_it.o(i.CAN1_RX0_IRQHandler)
    i.DebugMon_Handler                       0x0800023a   Section        0  stm32f4xx_it.o(i.DebugMon_Handler)
    i.EXTI0_IRQHandler                       0x0800023c   Section        0  stm32f4xx_it.o(i.EXTI0_IRQHandler)
    i.EXTI15_10_IRQHandler                   0x0800023e   Section        0  stm32f4xx_it.o(i.EXTI15_10_IRQHandler)
    i.EXTI1_IRQHandler                       0x08000254   Section        0  stm32f4xx_it.o(i.EXTI1_IRQHandler)
    i.EXTI2_IRQHandler                       0x08000256   Section        0  stm32f4xx_it.o(i.EXTI2_IRQHandler)
    i.EXTI3_IRQHandler                       0x08000258   Section        0  stm32f4xx_it.o(i.EXTI3_IRQHandler)
    i.EXTI4_IRQHandler                       0x0800025a   Section        0  stm32f4xx_it.o(i.EXTI4_IRQHandler)
    i.EXTI9_5_IRQHandler                     0x0800025c   Section        0  stm32f4xx_it.o(i.EXTI9_5_IRQHandler)
    i.EXTI_ClearITPendingBit                 0x08000260   Section        0  stm32f4xx_exti.o(i.EXTI_ClearITPendingBit)
    i.EXTI_Configuration                     0x0800026c   Section        0  bsp.o(i.EXTI_Configuration)
    i.EXTI_GetITStatus                       0x08000270   Section        0  stm32f4xx_exti.o(i.EXTI_GetITStatus)
    i.GPIO_Configuration                     0x08000298   Section        0  bsp.o(i.GPIO_Configuration)
    i.GPIO_Init                              0x080002c4   Section        0  stm32f4xx_gpio.o(i.GPIO_Init)
    i.GPIO_PinAFConfig                       0x08000354   Section        0  stm32f4xx_gpio.o(i.GPIO_PinAFConfig)
    i.GPIO_ToggleBits                        0x0800039a   Section        0  stm32f4xx_gpio.o(i.GPIO_ToggleBits)
    i.HardFault_Handler                      0x080003a4   Section        0  stm32f4xx_it.o(i.HardFault_Handler)
    i.IIC_Ack                                0x080003c8   Section        0  myiic.o(i.IIC_Ack)
    i.IIC_Init                               0x08000418   Section        0  myiic.o(i.IIC_Init)
    i.IIC_NAck                               0x08000464   Section        0  myiic.o(i.IIC_NAck)
    i.IIC_Read_Byte                          0x080004b4   Section        0  myiic.o(i.IIC_Read_Byte)
    i.IIC_Read_One_Byte                      0x08000520   Section        0  myiic.o(i.IIC_Read_One_Byte)
    i.IIC_Send_Byte                          0x08000568   Section        0  myiic.o(i.IIC_Send_Byte)
    i.IIC_Start                              0x080005d0   Section        0  myiic.o(i.IIC_Start)
    i.IIC_Stop                               0x0800061c   Section        0  myiic.o(i.IIC_Stop)
    i.IIC_Wait_Ack                           0x08000668   Section        0  myiic.o(i.IIC_Wait_Ack)
    i.IIC_Write_One_Byte                     0x080006cc   Section        0  myiic.o(i.IIC_Write_One_Byte)
    i.MemManage_Handler                      0x080006fc   Section        0  stm32f4xx_it.o(i.MemManage_Handler)
    i.NMI_Handler                            0x08000700   Section        0  stm32f4xx_it.o(i.NMI_Handler)
    i.NVIC_Configuration                     0x08000720   Section        0  bsp.o(i.NVIC_Configuration)
    i.NVIC_Init                              0x08000748   Section        0  misc.o(i.NVIC_Init)
    i.NVIC_PriorityGroupConfig               0x080007c0   Section        0  misc.o(i.NVIC_PriorityGroupConfig)
    i.RCC_AHB1PeriphClockCmd                 0x080007d4   Section        0  stm32f4xx_rcc.o(i.RCC_AHB1PeriphClockCmd)
    i.RCC_APB1PeriphClockCmd                 0x080007f4   Section        0  stm32f4xx_rcc.o(i.RCC_APB1PeriphClockCmd)
    i.RCC_APB2PeriphClockCmd                 0x08000814   Section        0  stm32f4xx_rcc.o(i.RCC_APB2PeriphClockCmd)
    i.RCC_ClearITPendingBit                  0x08000834   Section        0  stm32f4xx_rcc.o(i.RCC_ClearITPendingBit)
    i.RCC_Configuration                      0x08000840   Section        0  bsp.o(i.RCC_Configuration)
    i.RCC_GetClocksFreq                      0x08000868   Section        0  stm32f4xx_rcc.o(i.RCC_GetClocksFreq)
    i.RCC_GetITStatus                        0x08000950   Section        0  stm32f4xx_rcc.o(i.RCC_GetITStatus)
    i.RCC_HSEConfig                          0x08000968   Section        0  stm32f4xx_rcc.o(i.RCC_HSEConfig)
    i.RCC_ITConfig                           0x08000978   Section        0  stm32f4xx_rcc.o(i.RCC_ITConfig)
    i.SVC_Handler                            0x08000998   Section        0  stm32f4xx_it.o(i.SVC_Handler)
    i.SetSysClock                            0x0800099c   Section        0  system_stm32f4xx.o(i.SetSysClock)
    SetSysClock                              0x0800099d   Thumb Code   220  system_stm32f4xx.o(i.SetSysClock)
    i.SysTick_CLKSourceConfig                0x08000a88   Section        0  misc.o(i.SysTick_CLKSourceConfig)
    i.SystemInit                             0x08000ab0   Section        0  system_stm32f4xx.o(i.SystemInit)
    i.TIM1_UP_TIM10_IRQHandler               0x08000b18   Section        0  stm32f4xx_it.o(i.TIM1_UP_TIM10_IRQHandler)
    i.TIM2_IRQHandler                        0x08000b1a   Section        0  stm32f4xx_it.o(i.TIM2_IRQHandler)
    i.TIM3_Configuration                     0x08000b1c   Section        0  bsp.o(i.TIM3_Configuration)
    i.TIM3_IRQHandler                        0x08000b1e   Section        0  stm32f4xx_it.o(i.TIM3_IRQHandler)
    i.TIM4_IRQHandler                        0x08000b20   Section        0  stm32f4xx_it.o(i.TIM4_IRQHandler)
    i.TIM5_IRQHandler                        0x08000b48   Section        0  stm32f4xx_it.o(i.TIM5_IRQHandler)
    i.TIM7_IRQHandler                        0x08000b4a   Section        0  stm32f4xx_it.o(i.TIM7_IRQHandler)
    i.TIM8_UP_TIM13_IRQHandler               0x08000b4c   Section        0  stm32f4xx_it.o(i.TIM8_UP_TIM13_IRQHandler)
    i.TIM_ClearITPendingBit                  0x08000b4e   Section        0  stm32f4xx_tim.o(i.TIM_ClearITPendingBit)
    i.TIM_GetITStatus                        0x08000b54   Section        0  stm32f4xx_tim.o(i.TIM_GetITStatus)
    i.UART4_IRQHandler                       0x08000b76   Section        0  stm32f4xx_it.o(i.UART4_IRQHandler)
    i.UART5_IRQHandler                       0x08000b78   Section        0  stm32f4xx_it.o(i.UART5_IRQHandler)
    i.USART1_Configuration                   0x08000b7c   Section        0  bsp.o(i.USART1_Configuration)
    i.USART1_IRQHandler                      0x08000c14   Section        0  stm32f4xx_it.o(i.USART1_IRQHandler)
    i.USART2_IRQHandler                      0x08000c16   Section        0  stm32f4xx_it.o(i.USART2_IRQHandler)
    i.USART3_Configuration                   0x08000c18   Section        0  bsp.o(i.USART3_Configuration)
    i.USART3_IRQHandler                      0x08000c1a   Section        0  stm32f4xx_it.o(i.USART3_IRQHandler)
    i.USART_Cmd                              0x08000c1c   Section        0  stm32f4xx_usart.o(i.USART_Cmd)
    i.USART_GetFlagStatus                    0x08000c34   Section        0  stm32f4xx_usart.o(i.USART_GetFlagStatus)
    i.USART_ITConfig                         0x08000c4e   Section        0  stm32f4xx_usart.o(i.USART_ITConfig)
    i.USART_Init                             0x08000c98   Section        0  stm32f4xx_usart.o(i.USART_Init)
    i.USART_OUT                              0x08000d6c   Section        0  main.o(i.USART_OUT)
    i.USART_SendData                         0x08000e72   Section        0  stm32f4xx_usart.o(i.USART_SendData)
    i.UsageFault_Handler                     0x08000e7a   Section        0  stm32f4xx_it.o(i.UsageFault_Handler)
    i.__0printf$1                            0x08000e80   Section        0  printf1.o(i.__0printf$1)
    i.__scatterload_copy                     0x08000ea0   Section       14  handlers.o(i.__scatterload_copy)
    i.__scatterload_null                     0x08000eae   Section        2  handlers.o(i.__scatterload_null)
    i.__scatterload_zeroinit                 0x08000eb0   Section       14  handlers.o(i.__scatterload_zeroinit)
    i._printf_core                           0x08000ec0   Section        0  printf1.o(i._printf_core)
    _printf_core                             0x08000ec1   Thumb Code   336  printf1.o(i._printf_core)
    i.delay_init                             0x08001014   Section        0  delay.o(i.delay_init)
    i.delay_ms                               0x08001058   Section        0  delay.o(i.delay_ms)
    i.delay_us                               0x080010a4   Section        0  delay.o(i.delay_us)
    i.fputc                                  0x080010f0   Section        0  main.o(i.fputc)
    i.itoa                                   0x08001114   Section        0  main.o(i.itoa)
    i.main                                   0x08001178   Section        0  main.o(i.main)
    .data                                    0x20000000   Section       20  system_stm32f4xx.o(.data)
    .data                                    0x20000014   Section       16  stm32f4xx_rcc.o(.data)
    APBAHBPrescTable                         0x20000014   Data          16  stm32f4xx_rcc.o(.data)
    .data                                    0x20000024   Section        4  delay.o(.data)
    fac_us                                   0x20000024   Data           1  delay.o(.data)
    fac_ms                                   0x20000026   Data           2  delay.o(.data)
    .data                                    0x20000028   Section        4  stdout.o(.data)
    STACK                                    0x20000030   Section     1024  startup_stm32f4xx.o(STACK)

    Global Symbols

    Symbol Name                              Value     Ov Type        Size  Object(Section)

    BuildAttributes$$THM_ISAv4$E$P$D$K$B$S$7EM$VFPi3$EXTD16$VFPS$VFMA$PE$A:L22UL41UL21$X:L11$S22US41US21$IEEE1$IW$USESV6$~STKCKD$USESV7$~SHL$OSPACE$ROPI$EBA8$MICROLIB$REQ8$PRES8$EABIv2 0x00000000   Number         0  anon$$obj.o ABSOLUTE
    __ARM_use_no_argv                        0x00000000   Number         0  main.o ABSOLUTE
    _printf_a                                0x00000000   Number         0  stubs.o ABSOLUTE
    _printf_c                                0x00000000   Number         0  stubs.o ABSOLUTE
    _printf_charcount                        0x00000000   Number         0  stubs.o ABSOLUTE
    _printf_d                                0x00000000   Number         0  stubs.o ABSOLUTE
    _printf_e                                0x00000000   Number         0  stubs.o ABSOLUTE
    _printf_f                                0x00000000   Number         0  stubs.o ABSOLUTE
    _printf_flags                            0x00000000   Number         0  stubs.o ABSOLUTE
    _printf_fp_dec                           0x00000000   Number         0  stubs.o ABSOLUTE
    _printf_fp_hex                           0x00000000   Number         0  stubs.o ABSOLUTE
    _printf_g                                0x00000000   Number         0  stubs.o ABSOLUTE
    _printf_i                                0x00000000   Number         0  stubs.o ABSOLUTE
    _printf_int_dec                          0x00000000   Number         0  stubs.o ABSOLUTE
    _printf_l                                0x00000000   Number         0  stubs.o ABSOLUTE
    _printf_lc                               0x00000000   Number         0  stubs.o ABSOLUTE
    _printf_ll                               0x00000000   Number         0  stubs.o ABSOLUTE
    _printf_lld                              0x00000000   Number         0  stubs.o ABSOLUTE
    _printf_lli                              0x00000000   Number         0  stubs.o ABSOLUTE
    _printf_llo                              0x00000000   Number         0  stubs.o ABSOLUTE
    _printf_llu                              0x00000000   Number         0  stubs.o ABSOLUTE
    _printf_llx                              0x00000000   Number         0  stubs.o ABSOLUTE
    _printf_longlong_dec                     0x00000000   Number         0  stubs.o ABSOLUTE
    _printf_longlong_hex                     0x00000000   Number         0  stubs.o ABSOLUTE
    _printf_longlong_oct                     0x00000000   Number         0  stubs.o ABSOLUTE
    _printf_ls                               0x00000000   Number         0  stubs.o ABSOLUTE
    _printf_mbtowc                           0x00000000   Number         0  stubs.o ABSOLUTE
    _printf_n                                0x00000000   Number         0  stubs.o ABSOLUTE
    _printf_o                                0x00000000   Number         0  stubs.o ABSOLUTE
    _printf_p                                0x00000000   Number         0  stubs.o ABSOLUTE
    _printf_percent                          0x00000000   Number         0  stubs.o ABSOLUTE
    _printf_pre_padding                      0x00000000   Number         0  stubs.o ABSOLUTE
    _printf_return_value                     0x00000000   Number         0  stubs.o ABSOLUTE
    _printf_s                                0x00000000   Number         0  stubs.o ABSOLUTE
    _printf_sizespec                         0x00000000   Number         0  stubs.o ABSOLUTE
    _printf_str                              0x00000000   Number         0  stubs.o ABSOLUTE
    _printf_truncate_signed                  0x00000000   Number         0  stubs.o ABSOLUTE
    _printf_truncate_unsigned                0x00000000   Number         0  stubs.o ABSOLUTE
    _printf_u                                0x00000000   Number         0  stubs.o ABSOLUTE
    _printf_wc                               0x00000000   Number         0  stubs.o ABSOLUTE
    _printf_wctomb                           0x00000000   Number         0  stubs.o ABSOLUTE
    _printf_widthprec                        0x00000000   Number         0  stubs.o ABSOLUTE
    _printf_x                                0x00000000   Number         0  stubs.o ABSOLUTE
    __cpp_initialize__aeabi_                  - Undefined Weak Reference
    __cxa_finalize                            - Undefined Weak Reference
    __decompress                              - Undefined Weak Reference
    _clock_init                               - Undefined Weak Reference
    _microlib_exit                            - Undefined Weak Reference
    __Vectors_Size                           0x00000188   Number         0  startup_stm32f4xx.o ABSOLUTE
    __Vectors                                0x08000000   Data           4  startup_stm32f4xx.o(RESET)
    __Vectors_End                            0x08000188   Data           0  startup_stm32f4xx.o(RESET)
    __main                                   0x08000189   Thumb Code     0  entry.o(.ARM.Collect$$$$00000000)
    _main_stk                                0x08000189   Thumb Code     0  entry2.o(.ARM.Collect$$$$00000001)
    _main_scatterload                        0x0800018d   Thumb Code     0  entry5.o(.ARM.Collect$$$$00000004)
    __main_after_scatterload                 0x08000191   Thumb Code     0  entry5.o(.ARM.Collect$$$$00000004)
    _main_clock                              0x08000191   Thumb Code     0  entry7b.o(.ARM.Collect$$$$00000008)
    _main_cpp_init                           0x08000191   Thumb Code     0  entry8b.o(.ARM.Collect$$$$0000000A)
    _main_init                               0x08000191   Thumb Code     0  entry9a.o(.ARM.Collect$$$$0000000B)
    __rt_final_cpp                           0x08000199   Thumb Code     0  entry10a.o(.ARM.Collect$$$$0000000D)
    __rt_final_exit                          0x08000199   Thumb Code     0  entry11a.o(.ARM.Collect$$$$0000000F)
    Reset_Handler                            0x0800019d   Thumb Code     8  startup_stm32f4xx.o(.text)
    PendSV_Handler                           0x080001b3   Thumb Code     2  startup_stm32f4xx.o(.text)
    SysTick_Handler                          0x080001b5   Thumb Code     2  startup_stm32f4xx.o(.text)
    ADC_IRQHandler                           0x080001b7   Thumb Code     0  startup_stm32f4xx.o(.text)
    CAN1_RX1_IRQHandler                      0x080001b7   Thumb Code     0  startup_stm32f4xx.o(.text)
    CAN1_SCE_IRQHandler                      0x080001b7   Thumb Code     0  startup_stm32f4xx.o(.text)
    CAN1_TX_IRQHandler                       0x080001b7   Thumb Code     0  startup_stm32f4xx.o(.text)
    CAN2_RX0_IRQHandler                      0x080001b7   Thumb Code     0  startup_stm32f4xx.o(.text)
    CAN2_RX1_IRQHandler                      0x080001b7   Thumb Code     0  startup_stm32f4xx.o(.text)
    CAN2_SCE_IRQHandler                      0x080001b7   Thumb Code     0  startup_stm32f4xx.o(.text)
    CAN2_TX_IRQHandler                       0x080001b7   Thumb Code     0  startup_stm32f4xx.o(.text)
    CRYP_IRQHandler                          0x080001b7   Thumb Code     0  startup_stm32f4xx.o(.text)
    DCMI_IRQHandler                          0x080001b7   Thumb Code     0  startup_stm32f4xx.o(.text)
    DMA1_Stream0_IRQHandler                  0x080001b7   Thumb Code     0  startup_stm32f4xx.o(.text)
    DMA1_Stream1_IRQHandler                  0x080001b7   Thumb Code     0  startup_stm32f4xx.o(.text)
    DMA1_Stream2_IRQHandler                  0x080001b7   Thumb Code     0  startup_stm32f4xx.o(.text)
    DMA1_Stream3_IRQHandler                  0x080001b7   Thumb Code     0  startup_stm32f4xx.o(.text)
    DMA1_Stream4_IRQHandler                  0x080001b7   Thumb Code     0  startup_stm32f4xx.o(.text)
    DMA1_Stream5_IRQHandler                  0x080001b7   Thumb Code     0  startup_stm32f4xx.o(.text)
    DMA1_Stream6_IRQHandler                  0x080001b7   Thumb Code     0  startup_stm32f4xx.o(.text)
    DMA1_Stream7_IRQHandler                  0x080001b7   Thumb Code     0  startup_stm32f4xx.o(.text)
    DMA2_Stream0_IRQHandler                  0x080001b7   Thumb Code     0  startup_stm32f4xx.o(.text)
    DMA2_Stream1_IRQHandler                  0x080001b7   Thumb Code     0  startup_stm32f4xx.o(.text)
    DMA2_Stream2_IRQHandler                  0x080001b7   Thumb Code     0  startup_stm32f4xx.o(.text)
    DMA2_Stream3_IRQHandler                  0x080001b7   Thumb Code     0  startup_stm32f4xx.o(.text)
    DMA2_Stream4_IRQHandler                  0x080001b7   Thumb Code     0  startup_stm32f4xx.o(.text)
    DMA2_Stream5_IRQHandler                  0x080001b7   Thumb Code     0  startup_stm32f4xx.o(.text)
    DMA2_Stream6_IRQHandler                  0x080001b7   Thumb Code     0  startup_stm32f4xx.o(.text)
    DMA2_Stream7_IRQHandler                  0x080001b7   Thumb Code     0  startup_stm32f4xx.o(.text)
    ETH_IRQHandler                           0x080001b7   Thumb Code     0  startup_stm32f4xx.o(.text)
    ETH_WKUP_IRQHandler                      0x080001b7   Thumb Code     0  startup_stm32f4xx.o(.text)
    FLASH_IRQHandler                         0x080001b7   Thumb Code     0  startup_stm32f4xx.o(.text)
    FPU_IRQHandler                           0x080001b7   Thumb Code     0  startup_stm32f4xx.o(.text)
    FSMC_IRQHandler                          0x080001b7   Thumb Code     0  startup_stm32f4xx.o(.text)
    HASH_RNG_IRQHandler                      0x080001b7   Thumb Code     0  startup_stm32f4xx.o(.text)
    I2C1_ER_IRQHandler                       0x080001b7   Thumb Code     0  startup_stm32f4xx.o(.text)
    I2C1_EV_IRQHandler                       0x080001b7   Thumb Code     0  startup_stm32f4xx.o(.text)
    I2C2_ER_IRQHandler                       0x080001b7   Thumb Code     0  startup_stm32f4xx.o(.text)
    I2C2_EV_IRQHandler                       0x080001b7   Thumb Code     0  startup_stm32f4xx.o(.text)
    I2C3_ER_IRQHandler                       0x080001b7   Thumb Code     0  startup_stm32f4xx.o(.text)
    I2C3_EV_IRQHandler                       0x080001b7   Thumb Code     0  startup_stm32f4xx.o(.text)
    OTG_FS_IRQHandler                        0x080001b7   Thumb Code     0  startup_stm32f4xx.o(.text)
    OTG_FS_WKUP_IRQHandler                   0x080001b7   Thumb Code     0  startup_stm32f4xx.o(.text)
    OTG_HS_EP1_IN_IRQHandler                 0x080001b7   Thumb Code     0  startup_stm32f4xx.o(.text)
    OTG_HS_EP1_OUT_IRQHandler                0x080001b7   Thumb Code     0  startup_stm32f4xx.o(.text)
    OTG_HS_IRQHandler                        0x080001b7   Thumb Code     0  startup_stm32f4xx.o(.text)
    OTG_HS_WKUP_IRQHandler                   0x080001b7   Thumb Code     0  startup_stm32f4xx.o(.text)
    PVD_IRQHandler                           0x080001b7   Thumb Code     0  startup_stm32f4xx.o(.text)
    RCC_IRQHandler                           0x080001b7   Thumb Code     0  startup_stm32f4xx.o(.text)
    RTC_Alarm_IRQHandler                     0x080001b7   Thumb Code     0  startup_stm32f4xx.o(.text)
    RTC_WKUP_IRQHandler                      0x080001b7   Thumb Code     0  startup_stm32f4xx.o(.text)
    SDIO_IRQHandler                          0x080001b7   Thumb Code     0  startup_stm32f4xx.o(.text)
    SPI1_IRQHandler                          0x080001b7   Thumb Code     0  startup_stm32f4xx.o(.text)
    SPI2_IRQHandler                          0x080001b7   Thumb Code     0  startup_stm32f4xx.o(.text)
    SPI3_IRQHandler                          0x080001b7   Thumb Code     0  startup_stm32f4xx.o(.text)
    TAMP_STAMP_IRQHandler                    0x080001b7   Thumb Code     0  startup_stm32f4xx.o(.text)
    TIM1_BRK_TIM9_IRQHandler                 0x080001b7   Thumb Code     0  startup_stm32f4xx.o(.text)
    TIM1_CC_IRQHandler                       0x080001b7   Thumb Code     0  startup_stm32f4xx.o(.text)
    TIM1_TRG_COM_TIM11_IRQHandler            0x080001b7   Thumb Code     0  startup_stm32f4xx.o(.text)
    TIM6_DAC_IRQHandler                      0x080001b7   Thumb Code     0  startup_stm32f4xx.o(.text)
    TIM8_BRK_TIM12_IRQHandler                0x080001b7   Thumb Code     0  startup_stm32f4xx.o(.text)
    TIM8_CC_IRQHandler                       0x080001b7   Thumb Code     0  startup_stm32f4xx.o(.text)
    TIM8_TRG_COM_TIM14_IRQHandler            0x080001b7   Thumb Code     0  startup_stm32f4xx.o(.text)
    USART6_IRQHandler                        0x080001b7   Thumb Code     0  startup_stm32f4xx.o(.text)
    WWDG_IRQHandler                          0x080001b7   Thumb Code     0  startup_stm32f4xx.o(.text)
    __aeabi_uidiv                            0x080001c1   Thumb Code     0  uidiv.o(.text)
    __aeabi_uidivmod                         0x080001c1   Thumb Code    44  uidiv.o(.text)
    __scatterload                            0x080001ed   Thumb Code    28  init.o(.text)
    __scatterload_rt2                        0x080001ed   Thumb Code     0  init.o(.text)
    BSP_Init                                 0x08000211   Thumb Code    36  bsp.o(i.BSP_Init)
    BusFault_Handler                         0x08000235   Thumb Code     4  stm32f4xx_it.o(i.BusFault_Handler)
    CAN1_RX0_IRQHandler                      0x08000239   Thumb Code     2  stm32f4xx_it.o(i.CAN1_RX0_IRQHandler)
    DebugMon_Handler                         0x0800023b   Thumb Code     2  stm32f4xx_it.o(i.DebugMon_Handler)
    EXTI0_IRQHandler                         0x0800023d   Thumb Code     2  stm32f4xx_it.o(i.EXTI0_IRQHandler)
    EXTI15_10_IRQHandler                     0x0800023f   Thumb Code    22  stm32f4xx_it.o(i.EXTI15_10_IRQHandler)
    EXTI1_IRQHandler                         0x08000255   Thumb Code     2  stm32f4xx_it.o(i.EXTI1_IRQHandler)
    EXTI2_IRQHandler                         0x08000257   Thumb Code     2  stm32f4xx_it.o(i.EXTI2_IRQHandler)
    EXTI3_IRQHandler                         0x08000259   Thumb Code     2  stm32f4xx_it.o(i.EXTI3_IRQHandler)
    EXTI4_IRQHandler                         0x0800025b   Thumb Code     2  stm32f4xx_it.o(i.EXTI4_IRQHandler)
    EXTI9_5_IRQHandler                       0x0800025d   Thumb Code     2  stm32f4xx_it.o(i.EXTI9_5_IRQHandler)
    EXTI_ClearITPendingBit                   0x08000261   Thumb Code     6  stm32f4xx_exti.o(i.EXTI_ClearITPendingBit)
    EXTI_Configuration                       0x0800026d   Thumb Code     2  bsp.o(i.EXTI_Configuration)
    EXTI_GetITStatus                         0x08000271   Thumb Code    34  stm32f4xx_exti.o(i.EXTI_GetITStatus)
    GPIO_Configuration                       0x08000299   Thumb Code    40  bsp.o(i.GPIO_Configuration)
    GPIO_Init                                0x080002c5   Thumb Code   144  stm32f4xx_gpio.o(i.GPIO_Init)
    GPIO_PinAFConfig                         0x08000355   Thumb Code    70  stm32f4xx_gpio.o(i.GPIO_PinAFConfig)
    GPIO_ToggleBits                          0x0800039b   Thumb Code     8  stm32f4xx_gpio.o(i.GPIO_ToggleBits)
    HardFault_Handler                        0x080003a5   Thumb Code    14  stm32f4xx_it.o(i.HardFault_Handler)
    IIC_Ack                                  0x080003c9   Thumb Code    66  myiic.o(i.IIC_Ack)
    IIC_Init                                 0x08000419   Thumb Code    62  myiic.o(i.IIC_Init)
    IIC_NAck                                 0x08000465   Thumb Code    66  myiic.o(i.IIC_NAck)
    IIC_Read_Byte                            0x080004b5   Thumb Code    94  myiic.o(i.IIC_Read_Byte)
    IIC_Read_One_Byte                        0x08000521   Thumb Code    70  myiic.o(i.IIC_Read_One_Byte)
    IIC_Send_Byte                            0x08000569   Thumb Code    90  myiic.o(i.IIC_Send_Byte)
    IIC_Start                                0x080005d1   Thumb Code    64  myiic.o(i.IIC_Start)
    IIC_Stop                                 0x0800061d   Thumb Code    62  myiic.o(i.IIC_Stop)
    IIC_Wait_Ack                             0x08000669   Thumb Code    86  myiic.o(i.IIC_Wait_Ack)
    IIC_Write_One_Byte                       0x080006cd   Thumb Code    48  myiic.o(i.IIC_Write_One_Byte)
    MemManage_Handler                        0x080006fd   Thumb Code     4  stm32f4xx_it.o(i.MemManage_Handler)
    NMI_Handler                              0x08000701   Thumb Code    32  stm32f4xx_it.o(i.NMI_Handler)
    NVIC_Configuration                       0x08000721   Thumb Code    40  bsp.o(i.NVIC_Configuration)
    NVIC_Init                                0x08000749   Thumb Code   106  misc.o(i.NVIC_Init)
    NVIC_PriorityGroupConfig                 0x080007c1   Thumb Code    10  misc.o(i.NVIC_PriorityGroupConfig)
    RCC_AHB1PeriphClockCmd                   0x080007d5   Thumb Code    26  stm32f4xx_rcc.o(i.RCC_AHB1PeriphClockCmd)
    RCC_APB1PeriphClockCmd                   0x080007f5   Thumb Code    26  stm32f4xx_rcc.o(i.RCC_APB1PeriphClockCmd)
    RCC_APB2PeriphClockCmd                   0x08000815   Thumb Code    26  stm32f4xx_rcc.o(i.RCC_APB2PeriphClockCmd)
    RCC_ClearITPendingBit                    0x08000835   Thumb Code     6  stm32f4xx_rcc.o(i.RCC_ClearITPendingBit)
    RCC_Configuration                        0x08000841   Thumb Code    32  bsp.o(i.RCC_Configuration)
    RCC_GetClocksFreq                        0x08000869   Thumb Code   214  stm32f4xx_rcc.o(i.RCC_GetClocksFreq)
    RCC_GetITStatus                          0x08000951   Thumb Code    20  stm32f4xx_rcc.o(i.RCC_GetITStatus)
    RCC_HSEConfig                            0x08000969   Thumb Code    12  stm32f4xx_rcc.o(i.RCC_HSEConfig)
    RCC_ITConfig                             0x08000979   Thumb Code    26  stm32f4xx_rcc.o(i.RCC_ITConfig)
    SVC_Handler                              0x08000999   Thumb Code     2  stm32f4xx_it.o(i.SVC_Handler)
    SysTick_CLKSourceConfig                  0x08000a89   Thumb Code    40  misc.o(i.SysTick_CLKSourceConfig)
    SystemInit                               0x08000ab1   Thumb Code    88  system_stm32f4xx.o(i.SystemInit)
    TIM1_UP_TIM10_IRQHandler                 0x08000b19   Thumb Code     2  stm32f4xx_it.o(i.TIM1_UP_TIM10_IRQHandler)
    TIM2_IRQHandler                          0x08000b1b   Thumb Code     2  stm32f4xx_it.o(i.TIM2_IRQHandler)
    TIM3_Configuration                       0x08000b1d   Thumb Code     2  bsp.o(i.TIM3_Configuration)
    TIM3_IRQHandler                          0x08000b1f   Thumb Code     2  stm32f4xx_it.o(i.TIM3_IRQHandler)
    TIM4_IRQHandler                          0x08000b21   Thumb Code    32  stm32f4xx_it.o(i.TIM4_IRQHandler)
    TIM5_IRQHandler                          0x08000b49   Thumb Code     2  stm32f4xx_it.o(i.TIM5_IRQHandler)
    TIM7_IRQHandler                          0x08000b4b   Thumb Code     2  stm32f4xx_it.o(i.TIM7_IRQHandler)
    TIM8_UP_TIM13_IRQHandler                 0x08000b4d   Thumb Code     2  stm32f4xx_it.o(i.TIM8_UP_TIM13_IRQHandler)
    TIM_ClearITPendingBit                    0x08000b4f   Thumb Code     6  stm32f4xx_tim.o(i.TIM_ClearITPendingBit)
    TIM_GetITStatus                          0x08000b55   Thumb Code    34  stm32f4xx_tim.o(i.TIM_GetITStatus)
    UART4_IRQHandler                         0x08000b77   Thumb Code     2  stm32f4xx_it.o(i.UART4_IRQHandler)
    UART5_IRQHandler                         0x08000b79   Thumb Code     2  stm32f4xx_it.o(i.UART5_IRQHandler)
    USART1_Configuration                     0x08000b7d   Thumb Code   144  bsp.o(i.USART1_Configuration)
    USART1_IRQHandler                        0x08000c15   Thumb Code     2  stm32f4xx_it.o(i.USART1_IRQHandler)
    USART2_IRQHandler                        0x08000c17   Thumb Code     2  stm32f4xx_it.o(i.USART2_IRQHandler)
    USART3_Configuration                     0x08000c19   Thumb Code     2  bsp.o(i.USART3_Configuration)
    USART3_IRQHandler                        0x08000c1b   Thumb Code     2  stm32f4xx_it.o(i.USART3_IRQHandler)
    USART_Cmd                                0x08000c1d   Thumb Code    24  stm32f4xx_usart.o(i.USART_Cmd)
    USART_GetFlagStatus                      0x08000c35   Thumb Code    26  stm32f4xx_usart.o(i.USART_GetFlagStatus)
    USART_ITConfig                           0x08000c4f   Thumb Code    74  stm32f4xx_usart.o(i.USART_ITConfig)
    USART_Init                               0x08000c99   Thumb Code   204  stm32f4xx_usart.o(i.USART_Init)
    USART_OUT                                0x08000d6d   Thumb Code   262  main.o(i.USART_OUT)
    USART_SendData                           0x08000e73   Thumb Code     8  stm32f4xx_usart.o(i.USART_SendData)
    UsageFault_Handler                       0x08000e7b   Thumb Code     4  stm32f4xx_it.o(i.UsageFault_Handler)
    __0printf$1                              0x08000e81   Thumb Code    22  printf1.o(i.__0printf$1)
    __1printf$1                              0x08000e81   Thumb Code     0  printf1.o(i.__0printf$1)
    __2printf                                0x08000e81   Thumb Code     0  printf1.o(i.__0printf$1)
    __scatterload_copy                       0x08000ea1   Thumb Code    14  handlers.o(i.__scatterload_copy)
    __scatterload_null                       0x08000eaf   Thumb Code     2  handlers.o(i.__scatterload_null)
    __scatterload_zeroinit                   0x08000eb1   Thumb Code    14  handlers.o(i.__scatterload_zeroinit)
    delay_init                               0x08001015   Thumb Code    50  delay.o(i.delay_init)
    delay_ms                                 0x08001059   Thumb Code    72  delay.o(i.delay_ms)
    delay_us                                 0x080010a5   Thumb Code    72  delay.o(i.delay_us)
    fputc                                    0x080010f1   Thumb Code    32  main.o(i.fputc)
    itoa                                     0x08001115   Thumb Code    98  main.o(i.itoa)
    main                                     0x08001179   Thumb Code    84  main.o(i.main)
    Region$$Table$$Base                      0x080011f8   Number         0  anon$$obj.o(Region$$Table)
    Region$$Table$$Limit                     0x08001218   Number         0  anon$$obj.o(Region$$Table)
    SystemCoreClock                          0x20000000   Data           4  system_stm32f4xx.o(.data)
    AHBPrescTable                            0x20000004   Data          16  system_stm32f4xx.o(.data)
    __stdout                                 0x20000028   Data           4  stdout.o(.data)
    __initial_sp                             0x20000430   Data           0  startup_stm32f4xx.o(STACK)



==============================================================================

Memory Map of the image

  Image Entry point : 0x08000189

  Load Region LR_IROM1 (Base: 0x08000000, Size: 0x00001244, Max: 0x00080000, ABSOLUTE)

    Execution Region ER_IROM1 (Base: 0x08000000, Size: 0x00001218, Max: 0x00080000, ABSOLUTE)

    Base Addr    Size         Type   Attr      Idx    E Section Name        Object

    0x08000000   0x00000188   Data   RO         5574    RESET               startup_stm32f4xx.o
    0x08000188   0x00000000   Code   RO         5725  * .ARM.Collect$$$$00000000  mc_w.l(entry.o)
    0x08000188   0x00000004   Code   RO         5991    .ARM.Collect$$$$00000001  mc_w.l(entry2.o)
    0x0800018c   0x00000004   Code   RO         5994    .ARM.Collect$$$$00000004  mc_w.l(entry5.o)
    0x08000190   0x00000000   Code   RO         5996    .ARM.Collect$$$$00000008  mc_w.l(entry7b.o)
    0x08000190   0x00000000   Code   RO         5998    .ARM.Collect$$$$0000000A  mc_w.l(entry8b.o)
    0x08000190   0x00000008   Code   RO         5999    .ARM.Collect$$$$0000000B  mc_w.l(entry9a.o)
    0x08000198   0x00000000   Code   RO         6001    .ARM.Collect$$$$0000000D  mc_w.l(entry10a.o)
    0x08000198   0x00000000   Code   RO         6003    .ARM.Collect$$$$0000000F  mc_w.l(entry11a.o)
    0x08000198   0x00000004   Code   RO         5992    .ARM.Collect$$$$00002712  mc_w.l(entry2.o)
    0x0800019c   0x00000024   Code   RO         5575    .text               startup_stm32f4xx.o
    0x080001c0   0x0000002c   Code   RO         6006    .text               mc_w.l(uidiv.o)
    0x080001ec   0x00000024   Code   RO         6021    .text               mc_w.l(init.o)
    0x08000210   0x00000024   Code   RO          364    i.BSP_Init          bsp.o
    0x08000234   0x00000004   Code   RO          176    i.BusFault_Handler  stm32f4xx_it.o
    0x08000238   0x00000002   Code   RO          177    i.CAN1_RX0_IRQHandler  stm32f4xx_it.o
    0x0800023a   0x00000002   Code   RO          178    i.DebugMon_Handler  stm32f4xx_it.o
    0x0800023c   0x00000002   Code   RO          179    i.EXTI0_IRQHandler  stm32f4xx_it.o
    0x0800023e   0x00000016   Code   RO          180    i.EXTI15_10_IRQHandler  stm32f4xx_it.o
    0x08000254   0x00000002   Code   RO          181    i.EXTI1_IRQHandler  stm32f4xx_it.o
    0x08000256   0x00000002   Code   RO          182    i.EXTI2_IRQHandler  stm32f4xx_it.o
    0x08000258   0x00000002   Code   RO          183    i.EXTI3_IRQHandler  stm32f4xx_it.o
    0x0800025a   0x00000002   Code   RO          184    i.EXTI4_IRQHandler  stm32f4xx_it.o
    0x0800025c   0x00000002   Code   RO          185    i.EXTI9_5_IRQHandler  stm32f4xx_it.o
    0x0800025e   0x00000002   PAD
    0x08000260   0x0000000c   Code   RO         2736    i.EXTI_ClearITPendingBit  stm32f4xx_exti.o
    0x0800026c   0x00000002   Code   RO          366    i.EXTI_Configuration  bsp.o
    0x0800026e   0x00000002   PAD
    0x08000270   0x00000028   Code   RO         2740    i.EXTI_GetITStatus  stm32f4xx_exti.o
    0x08000298   0x0000002c   Code   RO          367    i.GPIO_Configuration  bsp.o
    0x080002c4   0x00000090   Code   RO         3108    i.GPIO_Init         stm32f4xx_gpio.o
    0x08000354   0x00000046   Code   RO         3109    i.GPIO_PinAFConfig  stm32f4xx_gpio.o
    0x0800039a   0x00000008   Code   RO         3118    i.GPIO_ToggleBits   stm32f4xx_gpio.o
    0x080003a2   0x00000002   PAD
    0x080003a4   0x00000024   Code   RO          186    i.HardFault_Handler  stm32f4xx_it.o
    0x080003c8   0x00000050   Code   RO         5606    i.IIC_Ack           myiic.o
    0x08000418   0x0000004c   Code   RO         5607    i.IIC_Init          myiic.o
    0x08000464   0x00000050   Code   RO         5608    i.IIC_NAck          myiic.o
    0x080004b4   0x0000006c   Code   RO         5609    i.IIC_Read_Byte     myiic.o
    0x08000520   0x00000046   Code   RO         5610    i.IIC_Read_One_Byte  myiic.o
    0x08000566   0x00000002   PAD
    0x08000568   0x00000068   Code   RO         5611    i.IIC_Send_Byte     myiic.o
    0x080005d0   0x0000004c   Code   RO         5612    i.IIC_Start         myiic.o
    0x0800061c   0x0000004c   Code   RO         5613    i.IIC_Stop          myiic.o
    0x08000668   0x00000064   Code   RO         5614    i.IIC_Wait_Ack      myiic.o
    0x080006cc   0x00000030   Code   RO         5615    i.IIC_Write_One_Byte  myiic.o
    0x080006fc   0x00000004   Code   RO          187    i.MemManage_Handler  stm32f4xx_it.o
    0x08000700   0x00000020   Code   RO          188    i.NMI_Handler       stm32f4xx_it.o
    0x08000720   0x00000028   Code   RO          368    i.NVIC_Configuration  bsp.o
    0x08000748   0x00000078   Code   RO         1689    i.NVIC_Init         misc.o
    0x080007c0   0x00000014   Code   RO         1690    i.NVIC_PriorityGroupConfig  misc.o
    0x080007d4   0x00000020   Code   RO         3693    i.RCC_AHB1PeriphClockCmd  stm32f4xx_rcc.o
    0x080007f4   0x00000020   Code   RO         3702    i.RCC_APB1PeriphClockCmd  stm32f4xx_rcc.o
    0x08000814   0x00000020   Code   RO         3705    i.RCC_APB2PeriphClockCmd  stm32f4xx_rcc.o
    0x08000834   0x0000000c   Code   RO         3711    i.RCC_ClearITPendingBit  stm32f4xx_rcc.o
    0x08000840   0x00000028   Code   RO          369    i.RCC_Configuration  bsp.o
    0x08000868   0x000000e8   Code   RO         3714    i.RCC_GetClocksFreq  stm32f4xx_rcc.o
    0x08000950   0x00000018   Code   RO         3716    i.RCC_GetITStatus   stm32f4xx_rcc.o
    0x08000968   0x00000010   Code   RO         3719    i.RCC_HSEConfig     stm32f4xx_rcc.o
    0x08000978   0x00000020   Code   RO         3722    i.RCC_ITConfig      stm32f4xx_rcc.o
    0x08000998   0x00000002   Code   RO          189    i.SVC_Handler       stm32f4xx_it.o
    0x0800099a   0x00000002   PAD
    0x0800099c   0x000000ec   Code   RO          488    i.SetSysClock       system_stm32f4xx.o
    0x08000a88   0x00000028   Code   RO         1693    i.SysTick_CLKSourceConfig  misc.o
    0x08000ab0   0x00000068   Code   RO          490    i.SystemInit        system_stm32f4xx.o
    0x08000b18   0x00000002   Code   RO          190    i.TIM1_UP_TIM10_IRQHandler  stm32f4xx_it.o
    0x08000b1a   0x00000002   Code   RO          191    i.TIM2_IRQHandler   stm32f4xx_it.o
    0x08000b1c   0x00000002   Code   RO          373    i.TIM3_Configuration  bsp.o
    0x08000b1e   0x00000002   Code   RO          192    i.TIM3_IRQHandler   stm32f4xx_it.o
    0x08000b20   0x00000028   Code   RO          193    i.TIM4_IRQHandler   stm32f4xx_it.o
    0x08000b48   0x00000002   Code   RO          194    i.TIM5_IRQHandler   stm32f4xx_it.o
    0x08000b4a   0x00000002   Code   RO          196    i.TIM7_IRQHandler   stm32f4xx_it.o
    0x08000b4c   0x00000002   Code   RO          197    i.TIM8_UP_TIM13_IRQHandler  stm32f4xx_it.o
    0x08000b4e   0x00000006   Code   RO         4784    i.TIM_ClearITPendingBit  stm32f4xx_tim.o
    0x08000b54   0x00000022   Code   RO         4810    i.TIM_GetITStatus   stm32f4xx_tim.o
    0x08000b76   0x00000002   Code   RO          198    i.UART4_IRQHandler  stm32f4xx_it.o
    0x08000b78   0x00000002   Code   RO          199    i.UART5_IRQHandler  stm32f4xx_it.o
    0x08000b7a   0x00000002   PAD
    0x08000b7c   0x00000098   Code   RO          380    i.USART1_Configuration  bsp.o
    0x08000c14   0x00000002   Code   RO          200    i.USART1_IRQHandler  stm32f4xx_it.o
    0x08000c16   0x00000002   Code   RO          201    i.USART2_IRQHandler  stm32f4xx_it.o
    0x08000c18   0x00000002   Code   RO          382    i.USART3_Configuration  bsp.o
    0x08000c1a   0x00000002   Code   RO          202    i.USART3_IRQHandler  stm32f4xx_it.o
    0x08000c1c   0x00000018   Code   RO         5335    i.USART_Cmd         stm32f4xx_usart.o
    0x08000c34   0x0000001a   Code   RO         5338    i.USART_GetFlagStatus  stm32f4xx_usart.o
    0x08000c4e   0x0000004a   Code   RO         5341    i.USART_ITConfig    stm32f4xx_usart.o
    0x08000c98   0x000000d4   Code   RO         5342    i.USART_Init        stm32f4xx_usart.o
    0x08000d6c   0x00000106   Code   RO            2    i.USART_OUT         main.o
    0x08000e72   0x00000008   Code   RO         5352    i.USART_SendData    stm32f4xx_usart.o
    0x08000e7a   0x00000004   Code   RO          203    i.UsageFault_Handler  stm32f4xx_it.o
    0x08000e7e   0x00000002   PAD
    0x08000e80   0x00000020   Code   RO         5775    i.__0printf$1       mc_w.l(printf1.o)
    0x08000ea0   0x0000000e   Code   RO         6033    i.__scatterload_copy  mc_w.l(handlers.o)
    0x08000eae   0x00000002   Code   RO         6034    i.__scatterload_null  mc_w.l(handlers.o)
    0x08000eb0   0x0000000e   Code   RO         6035    i.__scatterload_zeroinit  mc_w.l(handlers.o)
    0x08000ebe   0x00000002   PAD
    0x08000ec0   0x00000154   Code   RO         5782    i._printf_core      mc_w.l(printf1.o)
    0x08001014   0x00000044   Code   RO         5696    i.delay_init        delay.o
    0x08001058   0x0000004c   Code   RO         5697    i.delay_ms          delay.o
    0x080010a4   0x0000004c   Code   RO         5698    i.delay_us          delay.o
    0x080010f0   0x00000024   Code   RO            3    i.fputc             main.o
    0x08001114   0x00000062   Code   RO            4    i.itoa              main.o
    0x08001176   0x00000002   PAD
    0x08001178   0x00000080   Code   RO            5    i.main              main.o
    0x080011f8   0x00000020   Data   RO         6031    Region$$Table       anon$$obj.o


    Execution Region RW_IRAM1 (Base: 0x20000000, Size: 0x00000430, Max: 0x00020000, ABSOLUTE)

    Base Addr    Size         Type   Attr      Idx    E Section Name        Object

    0x20000000   0x00000014   Data   RW          491    .data               system_stm32f4xx.o
    0x20000014   0x00000010   Data   RW         3737    .data               stm32f4xx_rcc.o
    0x20000024   0x00000004   Data   RW         5699    .data               delay.o
    0x20000028   0x00000004   Data   RW         6005    .data               mc_w.l(stdout.o)
    0x2000002c   0x00000004   PAD
    0x20000030   0x00000400   Zero   RW         5572    STACK               startup_stm32f4xx.o


==============================================================================

Image component sizes


      Code (inc. data)   RO Data    RW Data    ZI Data      Debug   Object Name

       318         20          0          0          0       3905   bsp.o
       220         26          0          4          0       1635   delay.o
       524         48          0          0          0     261374   main.o
       180         24          0          0          0       1993   misc.o
       818        110          0          0          0       5395   myiic.o
        36          8        392          0       1024        816   startup_stm32f4xx.o
        52         12          0          0          0       1128   stm32f4xx_exti.o
       222          0          0          0          0       2245   stm32f4xx_gpio.o
       182         30          0          0          0      12270   stm32f4xx_it.o
       412         56          0         16          0       6368   stm32f4xx_rcc.o
        40          0          0          0          0       1766   stm32f4xx_tim.o
       344          8          0          0          0       3993   stm32f4xx_usart.o
       340         32          0         20          0       1965   system_stm32f4xx.o

    ----------------------------------------------------------------------
      3704        374        424         40       1024     304853   Object Totals
         0          0         32          0          0          0   (incl. Generated)
        16          0          0          0          0          0   (incl. Padding)

    ----------------------------------------------------------------------

      Code (inc. data)   RO Data    RW Data    ZI Data      Debug   Library Member Name

         0          0          0          0          0          0   entry.o
         0          0          0          0          0          0   entry10a.o
         0          0          0          0          0          0   entry11a.o
         8          4          0          0          0          0   entry2.o
         4          0          0          0          0          0   entry5.o
         0          0          0          0          0          0   entry7b.o
         0          0          0          0          0          0   entry8b.o
         8          4          0          0          0          0   entry9a.o
        30          0          0          0          0          0   handlers.o
        36          8          0          0          0         68   init.o
       372         14          0          0          0        184   printf1.o
         0          0          0          4          0          0   stdout.o
        44          0          0          0          0         80   uidiv.o

    ----------------------------------------------------------------------
       504         30          0          4          4        332   Library Totals
         2          0          0          0          4          0   (incl. Padding)

    ----------------------------------------------------------------------

      Code (inc. data)   RO Data    RW Data    ZI Data      Debug   Library Name

       502         30          0          4          0        332   mc_w.l

    ----------------------------------------------------------------------
       504         30          0          4          4        332   Library Totals

    ----------------------------------------------------------------------

==============================================================================


      Code (inc. data)   RO Data    RW Data    ZI Data      Debug   

      4208        404        424         44       1028     298137   Grand Totals
      4208        404        424         44       1028     298137   ELF Image Totals
      4208        404        424         44          0          0   ROM Totals

==============================================================================

    Total RO  Size (Code + RO Data)                 4632 (   4.52kB)
    Total RW  Size (RW Data + ZI Data)              1072 (   1.05kB)
    Total ROM Size (Code + RO Data + RW Data)       4676 (   4.57kB)

==============================================================================

