<html>
<body>
<pre>
<h1>µVision Build Log</h1>
<h2>Tool Versions:</h2>
IDE-Version: ¦ÌVision V5.20.0.0
Copyright (C) 2016 ARM Ltd and ARM Germany GmbH. All rights reserved.
License Information: ewe 8615364811406, ewe, LIC=65ISZ-JCK3J-LQC0Q-NJ5DC-M33T6-EZMQH
 
Tool Versions:
Toolchain:       MDK-ARM Plus  Version: 5.20
Toolchain Path:  C:\Soft\MDK\ARM\ARMCC\Bin
C Compiler:      Armcc.exe V5.06 update 2 (build 183)
Assembler:       Armasm.exe V5.06 update 2 (build 183)
Linker/Locator:  ArmLink.exe V5.06 update 2 (build 183)
Library Manager: ArmAr.exe V5.06 update 2 (build 183)
Hex Converter:   FromElf.exe V5.06 update 2 (build 183)
CPU DLL:         SARMCM3.DLL V5.20
Dialog DLL:      DARMSTM.DLL V1.66.0.0
Target DLL:      UL2CM3.DLL V1.157.18.0
Dialog DLL:      TARMSTM.DLL V1.65.0.0
 
<h2>Project:</h2>
C:\Users\86153\Desktop\TITR\car\USER\Template.uvprojx
Project File Date:  09/28/2020

<h2>Output:</h2>
*** Using Compiler 'V5.06 update 2 (build 183)', folder: 'C:\Soft\MDK\ARM\ARMCC\Bin'
Build target 'Template'
compiling pwm.c...
..\HARDWARE\pwm.c(192): warning:  #1-D: last line of file ends without a newline
  }
..\HARDWARE\pwm.c: 1 warning, 0 errors
linking...
Program Size: Code=30676 RO-data=3924 RW-data=172 ZI-data=1652  
FromELF: creating hex file...
"..\OBJ\Template.axf" - 0 Error(s), 1 Warning(s).

<h2>Collection of Component include folders:</h2>
  C:\Users\86153\Desktop\TITR\car\USER\RTE
  C:\Soft\MDK\Keil\STM32F1xx_DFP\1.0.4\Device\Include

<h2>Collection of Component Files used:</h2>
Build Time Elapsed:  00:00:01
</pre>
</body>
</html>
