<html>
<body>
<pre>
<h1>µVision Build Log</h1>
<h2>Tool Versions:</h2>
IDE-Version: ¦ÌVision V5.20.0.0
Copyright (C) 2016 ARM Ltd and ARM Germany GmbH. All rights reserved.
License Information: ewe 8615364811406, ewe, LIC=65ISZ-JCK3J-LQC0Q-NJ5DC-M33T6-EZMQH
 
Tool Versions:
Toolchain:       MDK-ARM Plus  Version: 5.20
Toolchain Path:  C:\Soft\MDK\ARM\ARMCC\Bin
C Compiler:      Armcc.exe V5.06 update 2 (build 183)
Assembler:       Armasm.exe V5.06 update 2 (build 183)
Linker/Locator:  ArmLink.exe V5.06 update 2 (build 183)
Library Manager: ArmAr.exe V5.06 update 2 (build 183)
Hex Converter:   FromElf.exe V5.06 update 2 (build 183)
CPU DLL:         SARMCM3.DLL V5.20
Dialog DLL:      DARMSTM.DLL V1.66.0.0
Target DLL:      UL2CM3.DLL V1.157.18.0
Dialog DLL:      TARMSTM.DLL V1.65.0.0
 
<h2>Project:</h2>
C:\Users\86153\Desktop\TITR\car\USER\Template.uvprojx
Project File Date:  09/28/2020

<h2>Output:</h2>
*** Using Compiler 'V5.06 update 2 (build 183)', folder: 'C:\Soft\MDK\ARM\ARMCC\Bin'
Rebuild target 'Template'
assembling startup_stm32f10x_md.s...
compiling main.c...
..\HARDWARE\mpu_pid.h(5): warning:  #1295-D: Deprecated declaration PID_pitch_init - give arg types
  void PID_pitch_init();
main.c: 1 warning, 0 errors
compiling stm32f10x_it.c...
compiling stm32f10x_can.c...
compiling stm32f10x_bkp.c...
compiling core_cm3.c...
compiling stm32f10x_dac.c...
compiling stm32f10x_cec.c...
compiling stm32f10x_crc.c...
compiling stm32f10x_adc.c...
compiling system_stm32f10x.c...
compiling stm32f10x_dbgmcu.c...
compiling stm32f10x_dma.c...
compiling stm32f10x_exti.c...
compiling stm32f10x_iwdg.c...
compiling stm32f10x_pwr.c...
compiling stm32f10x_gpio.c...
compiling stm32f10x_rtc.c...
compiling misc.c...
compiling stm32f10x_fsmc.c...
compiling stm32f10x_flash.c...
compiling stm32f10x_i2c.c...
compiling stm32f10x_rcc.c...
compiling stm32f10x_sdio.c...
compiling sys.c...
compiling stm32f10x_wwdg.c...
compiling usart.c...
compiling stm32f10x_spi.c...
compiling stm32f10x_usart.c...
compiling delay.c...
compiling led.c...
compiling mpu6050.c...
compiling stm32f10x_tim.c...
compiling pwm.c...
..\HARDWARE\pwm.c(163): warning:  #223-D: function "printf" declared implicitly
  					  printf("22222222222");
..\HARDWARE\pwm.c(192): warning:  #1-D: last line of file ends without a newline
  }
..\HARDWARE\pwm.c: 2 warnings, 0 errors
compiling mpu_pid.c...
..\HARDWARE\mpu_pid.h(5): warning:  #1295-D: Deprecated declaration PID_pitch_init - give arg types
  void PID_pitch_init();
..\HARDWARE\mpu_pid.c: 1 warning, 0 errors
compiling xunji.c...
compiling mpuiic.c...
compiling servo.c...
compiling JDQ.C...
compiling move.c...
..\HARDWARE\move.c(87): warning:  #177-D: variable "count" was declared but never referenced
  	static int count=0;
..\HARDWARE\move.c: 1 warning, 0 errors
compiling inv_mpu_dmp_motion_driver.c...
compiling inv_mpu.c...
linking...
Program Size: Code=30696 RO-data=3928 RW-data=172 ZI-data=1652  
FromELF: creating hex file...
"..\OBJ\Template.axf" - 0 Error(s), 5 Warning(s).

<h2>Collection of Component include folders:</h2>
  C:\Users\86153\Desktop\TITR\car\USER\RTE
  C:\Soft\MDK\Keil\STM32F1xx_DFP\1.0.4\Device\Include

<h2>Collection of Component Files used:</h2>
Build Time Elapsed:  00:00:07
</pre>
</body>
</html>
